Archive member included because of file (symbol)

d:/altera/13.0/nios2eds/bin/gnu/h-i686-mingw32/bin/../lib/gcc/nios2-elf/4.1.2/../../../../nios2-elf/lib/mno-hw-mul\libc.a(lib_a-puts.o)
                              obj/default/hello_world.o (puts)
d:/altera/13.0/nios2eds/bin/gnu/h-i686-mingw32/bin/../lib/gcc/nios2-elf/4.1.2/../../../../nios2-elf/lib/mno-hw-mul\libc.a(lib_a-strlen.o)
                              d:/altera/13.0/nios2eds/bin/gnu/h-i686-mingw32/bin/../lib/gcc/nios2-elf/4.1.2/../../../../nios2-elf/lib/mno-hw-mul\libc.a(lib_a-puts.o) (strlen)
d:/altera/13.0/nios2eds/bin/gnu/h-i686-mingw32/bin/../lib/gcc/nios2-elf/4.1.2/../../../../nios2-elf/lib/mno-hw-mul\libc.a(lib_a-fvwrite.o)
                              d:/altera/13.0/nios2eds/bin/gnu/h-i686-mingw32/bin/../lib/gcc/nios2-elf/4.1.2/../../../../nios2-elf/lib/mno-hw-mul\libc.a(lib_a-puts.o) (__sfvwrite_r)
d:/altera/13.0/nios2eds/bin/gnu/h-i686-mingw32/bin/../lib/gcc/nios2-elf/4.1.2/../../../../nios2-elf/lib/mno-hw-mul\libc.a(lib_a-impure.o)
                              d:/altera/13.0/nios2eds/bin/gnu/h-i686-mingw32/bin/../lib/gcc/nios2-elf/4.1.2/../../../../nios2-elf/lib/mno-hw-mul\libc.a(lib_a-puts.o) (_impure_ptr)
d:/altera/13.0/nios2eds/bin/gnu/h-i686-mingw32/bin/../lib/gcc/nios2-elf/4.1.2/../../../../nios2-elf/lib/mno-hw-mul\libc.a(lib_a-mallocr.o)
                              d:/altera/13.0/nios2eds/bin/gnu/h-i686-mingw32/bin/../lib/gcc/nios2-elf/4.1.2/../../../../nios2-elf/lib/mno-hw-mul\libc.a(lib_a-fvwrite.o) (_malloc_r)
d:/altera/13.0/nios2eds/bin/gnu/h-i686-mingw32/bin/../lib/gcc/nios2-elf/4.1.2/../../../../nios2-elf/lib/mno-hw-mul\libc.a(lib_a-memchr.o)
                              d:/altera/13.0/nios2eds/bin/gnu/h-i686-mingw32/bin/../lib/gcc/nios2-elf/4.1.2/../../../../nios2-elf/lib/mno-hw-mul\libc.a(lib_a-fvwrite.o) (memchr)
d:/altera/13.0/nios2eds/bin/gnu/h-i686-mingw32/bin/../lib/gcc/nios2-elf/4.1.2/../../../../nios2-elf/lib/mno-hw-mul\libc.a(lib_a-memcpy.o)
                              d:/altera/13.0/nios2eds/bin/gnu/h-i686-mingw32/bin/../lib/gcc/nios2-elf/4.1.2/../../../../nios2-elf/lib/mno-hw-mul\libc.a(lib_a-fvwrite.o) (memcpy)
d:/altera/13.0/nios2eds/bin/gnu/h-i686-mingw32/bin/../lib/gcc/nios2-elf/4.1.2/../../../../nios2-elf/lib/mno-hw-mul\libc.a(lib_a-memmove.o)
                              d:/altera/13.0/nios2eds/bin/gnu/h-i686-mingw32/bin/../lib/gcc/nios2-elf/4.1.2/../../../../nios2-elf/lib/mno-hw-mul\libc.a(lib_a-fvwrite.o) (memmove)
d:/altera/13.0/nios2eds/bin/gnu/h-i686-mingw32/bin/../lib/gcc/nios2-elf/4.1.2/../../../../nios2-elf/lib/mno-hw-mul\libc.a(lib_a-reallocr.o)
                              d:/altera/13.0/nios2eds/bin/gnu/h-i686-mingw32/bin/../lib/gcc/nios2-elf/4.1.2/../../../../nios2-elf/lib/mno-hw-mul\libc.a(lib_a-fvwrite.o) (_realloc_r)
d:/altera/13.0/nios2eds/bin/gnu/h-i686-mingw32/bin/../lib/gcc/nios2-elf/4.1.2/../../../../nios2-elf/lib/mno-hw-mul\libc.a(lib_a-sbrkr.o)
                              d:/altera/13.0/nios2eds/bin/gnu/h-i686-mingw32/bin/../lib/gcc/nios2-elf/4.1.2/../../../../nios2-elf/lib/mno-hw-mul\libc.a(lib_a-mallocr.o) (_sbrk_r)
d:/altera/13.0/nios2eds/bin/gnu/h-i686-mingw32/bin/../lib/gcc/nios2-elf/4.1.2/../../../../nios2-elf/lib/mno-hw-mul\libc.a(lib_a-wsetup.o)
                              d:/altera/13.0/nios2eds/bin/gnu/h-i686-mingw32/bin/../lib/gcc/nios2-elf/4.1.2/../../../../nios2-elf/lib/mno-hw-mul\libc.a(lib_a-fvwrite.o) (__swsetup_r)
d:/altera/13.0/nios2eds/bin/gnu/h-i686-mingw32/bin/../lib/gcc/nios2-elf/4.1.2/../../../../nios2-elf/lib/mno-hw-mul\libc.a(lib_a-fflush.o)
                              d:/altera/13.0/nios2eds/bin/gnu/h-i686-mingw32/bin/../lib/gcc/nios2-elf/4.1.2/../../../../nios2-elf/lib/mno-hw-mul\libc.a(lib_a-fvwrite.o) (_fflush_r)
d:/altera/13.0/nios2eds/bin/gnu/h-i686-mingw32/bin/../lib/gcc/nios2-elf/4.1.2/../../../../nios2-elf/lib/mno-hw-mul\libc.a(lib_a-findfp.o)
                              d:/altera/13.0/nios2eds/bin/gnu/h-i686-mingw32/bin/../lib/gcc/nios2-elf/4.1.2/../../../../nios2-elf/lib/mno-hw-mul\libc.a(lib_a-wsetup.o) (__sinit)
d:/altera/13.0/nios2eds/bin/gnu/h-i686-mingw32/bin/../lib/gcc/nios2-elf/4.1.2/../../../../nios2-elf/lib/mno-hw-mul\libc.a(lib_a-freer.o)
                              d:/altera/13.0/nios2eds/bin/gnu/h-i686-mingw32/bin/../lib/gcc/nios2-elf/4.1.2/../../../../nios2-elf/lib/mno-hw-mul\libc.a(lib_a-fvwrite.o) (_free_r)
d:/altera/13.0/nios2eds/bin/gnu/h-i686-mingw32/bin/../lib/gcc/nios2-elf/4.1.2/../../../../nios2-elf/lib/mno-hw-mul\libc.a(lib_a-fwalk.o)
                              d:/altera/13.0/nios2eds/bin/gnu/h-i686-mingw32/bin/../lib/gcc/nios2-elf/4.1.2/../../../../nios2-elf/lib/mno-hw-mul\libc.a(lib_a-fflush.o) (_fwalk_reent)
d:/altera/13.0/nios2eds/bin/gnu/h-i686-mingw32/bin/../lib/gcc/nios2-elf/4.1.2/../../../../nios2-elf/lib/mno-hw-mul\libc.a(lib_a-int_errno.o)
[...]
Memory Configuration

Name             Origin             Length             Attributes
reset            0x0c000000         0x00000020
ddr2             0x0c000020         0x03ffffe0
onchip_ram       0x11001000         0x00001000
epcs_flash_controller_0 0x11003000         0x00000800
*default*        0x00000000         0xffffffff

Linker script and memory map

LOAD ../ddr_layout_V5_bsp//obj/HAL/src/crt0.o
LOAD obj/default/hello_world.o
LOAD d:/altera/13.0/nios2eds/bin/gnu/h-i686-mingw32/bin/../lib/gcc/nios2-elf/4.1.2/../../../../nios2-elf/lib/mno-hw-mul\libstdc++.a
LOAD d:/altera/13.0/nios2eds/bin/gnu/h-i686-mingw32/bin/../lib/gcc/nios2-elf/4.1.2/../../../../nios2-elf/lib/mno-hw-mul\libm.a
LOAD d:/altera/13.0/nios2eds/bin/gnu/h-i686-mingw32/bin/../lib/gcc/nios2-elf/4.1.2/mno-hw-mul\libgcc.a
START GROUP
LOAD d:/altera/13.0/nios2eds/bin/gnu/h-i686-mingw32/bin/../lib/gcc/nios2-elf/4.1.2/../../../../nios2-elf/lib/mno-hw-mul\libc.a
LOAD d:/altera/13.0/nios2eds/bin/gnu/h-i686-mingw32/bin/../lib/gcc/nios2-elf/4.1.2/mno-hw-mul\libgcc.a
LOAD ../ddr_layout_V5_bsp/\libhal_bsp.a
END GROUP
LOAD d:/altera/13.0/nios2eds/bin/gnu/h-i686-mingw32/bin/../lib/gcc/nios2-elf/4.1.2/mno-hw-mul\libgcc.a
                0x0c000000                __alt_mem_ddr2 = 0xc000000
                0x11001000                __alt_mem_onchip_ram = 0x11001000
                0x11003000                __alt_mem_epcs_flash_controller_0 = 0x11003000

.entry          0x0c000000       0x20
 *(.entry)
 .entry         0x0c000000       0x20 ../ddr_layout_V5_bsp//obj/HAL/src/crt0.o
                0x0c000000                __reset

.exceptions     0x0c000020      0x194
                0x0c000020                PROVIDE (__ram_exceptions_start, ABSOLUTE (.))
                0x0c000020                . = ALIGN (0x20)
 *(.irq)
 *(.exceptions.entry.label)
 .exceptions.entry.label
                0x0c000020        0x0 ../ddr_layout_V5_bsp/\libhal_bsp.a(alt_irq_entry.o)
                0x0c000020                alt_irq_entry
 .exceptions.entry.label
                0x0c000020        0x0 ../ddr_layout_V5_bsp/\libhal_bsp.a(alt_exception_entry.o)
                0x0c000020                alt_exception
 *(.exceptions.entry.user)
 *(.exceptions.entry)
 .exceptions.entry
                0x0c000020       0x54 ../ddr_layout_V5_bsp/\libhal_bsp.a(alt_exception_entry.o)
 *(.exceptions.irqtest.user)
 *(.exceptions.irqtest)
 .exceptions.irqtest
                0x0c000074       0x10 ../ddr_layout_V5_bsp/\libhal_bsp.a(alt_irq_entry.o)
 *(.exceptions.irqhandler.user)
 *(.exceptions.irqhandler)
 .exceptions.irqhandler
                0x0c000084        0x4 ../ddr_layout_V5_bsp/\libhal_bsp.a(alt_irq_entry.o)
 *(.exceptions.irqreturn.user)
 *(.exceptions.irqreturn)
 .exceptions.irqreturn
                0x0c000088        0x4 ../ddr_layout_V5_bsp/\libhal_bsp.a(alt_irq_entry.o)
 *(.exceptions.notirq.label)
 .exceptions.notirq.label
                0x0c00008c        0x0 ../ddr_layout_V5_bsp/\libhal_bsp.a(alt_irq_entry.o)
 *(.exceptions.notirq.user)
 *(.exceptions.notirq)
 .exceptions.notirq
                0x0c00008c        0x8 ../ddr_layout_V5_bsp/\libhal_bsp.a(alt_exception_entry.o)
 *(.exceptions.soft.user)
 *(.exceptions.soft)
 *(.exceptions.unknown.user)
 *(.exceptions.unknown)
 .exceptions.unknown
                0x0c000094        0x4 ../ddr_layout_V5_bsp/\libhal_bsp.a(alt_exception_entry.o)
 *(.exceptions.exit.label)
 .exceptions.exit.label
                0x0c000098        0x0 ../ddr_layout_V5_bsp/\libhal_bsp.a(alt_irq_entry.o)
 .exceptions.exit.label
                0x0c000098        0x0 ../ddr_layout_V5_bsp/\libhal_bsp.a(alt_exception_entry.o)
 *(.exceptions.exit.user)
 *(.exceptions.exit)
 .exceptions.exit
                0x0c000098       0x54 ../ddr_layout_V5_bsp/\libhal_bsp.a(alt_exception_entry.o)
 *(.exceptions)
 .exceptions    0x0c0000ec       0xc8 ../ddr_layout_V5_bsp/\libhal_bsp.a(alt_irq_handler.o)
                0x0c0000ec                alt_irq_handler
                0x0c0001b4                PROVIDE (__ram_exceptions_end, ABSOLUTE (.))
                0x0c000020                PROVIDE (__flash_exceptions_start, LOADADDR (.exceptions))

.text           0x0c0001b4     0x71c8
                0x0c0001b4                PROVIDE (stext, ABSOLUTE (.))
 *(.interp)
 *(.hash)
 *(.dynsym)
 *(.dynstr)
 *(.gnu.version)
 *(.gnu.version_d)
 *(.gnu.version_r)
 *(.rel.init)
 *(.rela.init)
 *(.rel.text .rel.text.* .rel.gnu.linkonce.t.*)
 *(.rela.text .rela.text.* .rela.gnu.linkonce.t.*)
 *(.rel.fini)
 *(.rela.fini)
 *(.rel.rodata .rel.rodata.* .rel.gnu.linkonce.r.*)
 *(.rela.rodata .rela.rodata.* .rela.gnu.linkonce.r.*)
 *(.rel.data .rel.data.* .rel.gnu.linkonce.d.*)
 *(.rela.data .rela.data.* .rela.gnu.linkonce.d.*)
 *(.rel.tdata .rel.tdata.* .rel.gnu.linkonce.td.*)
 *(.rela.tdata .rela.tdata.* .rela.gnu.linkonce.td.*)
 *(.rel.tbss .rel.tbss.* .rel.gnu.linkonce.tb.*)
 *(.rela.tbss .rela.tbss.* .rela.gnu.linkonce.tb.*)
 *(.rel.ctors)
 *(.rela.ctors)
 *(.rel.dtors)
 *(.rela.dtors)
 *(.rel.got)
 *(.rela.got)
 *(.rel.sdata .rel.sdata.* .rel.gnu.linkonce.s.*)
 *(.rela.sdata .rela.sdata.* .rela.gnu.linkonce.s.*)
 *(.rel.sbss .rel.sbss.* .rel.gnu.linkonce.sb.*)
 *(.rela.sbss .rela.sbss.* .rela.gnu.linkonce.sb.*)
 *(.rel.sdata2 .rel.sdata2.* .rel.gnu.linkonce.s2.*)
 *(.rela.sdata2 .rela.sdata2.* .rela.gnu.linkonce.s2.*)
 *(.rel.sbss2 .rel.sbss2.* .rel.gnu.linkonce.sb2.*)
 *(.rela.sbss2 .rela.sbss2.* .rela.gnu.linkonce.sb2.*)
 *(.rel.bss .rel.bss.* .rel.gnu.linkonce.b.*)
 *(.rela.bss .rela.bss.* .rela.gnu.linkonce.b.*)
 *(.rel.plt)
 *(.rela.plt)
 *(.rel.dyn)
 *(.init)
 *(.plt)
 *(.text .stub .text.* .gnu.linkonce.t.*)
 .text          0x0c0001b4       0x3c ../ddr_layout_V5_bsp//obj/HAL/src/crt0.o
                0x0c0001b4                _start
 .text          0x0c0001f0       0x34 obj/default/hello_world.o
                0x0c0001f0                main
 .text          0x0c000224       0xb4 d:/altera/13.0/nios2eds/bin/gnu/h-i686-mingw32/bin/../lib/gcc/nios2-elf/4.1.2/../../../../nios2-elf/lib/mno-hw-mul\libc.a(lib_a-puts.o)
                0x0c000224                _puts_r
                0x0c0002c4                puts
 .text          0x0c0002d8       0x74 d:/altera/13.0/nios2eds/bin/gnu/h-i686-mingw32/bin/../lib/gcc/nios2-elf/4.1.2/../../../../nios2-elf/lib/mno-hw-mul\libc.a(lib_a-strlen.o)
                0x0c0002d8                strlen
 .text          0x0c00034c      0x49c d:/altera/13.0/nios2eds/bin/gnu/h-i686-mingw32/bin/../lib/gcc/nios2-elf/4.1.2/../../../../nios2-elf/lib/mno-hw-mul\libc.a(lib_a-fvwrite.o)
                0x0c00034c                __sfvwrite_r
 .text          0x0c0007e8        0x0 d:/altera/13.0/nios2eds/bin/gnu/h-i686-mingw32/bin/../lib/gcc/nios2-elf/4.1.2/../../../../nios2-elf/lib/mno-hw-mul\libc.a(lib_a-impure.o)
 .text          0x0c0007e8      0x740 d:/altera/13.0/nios2eds/bin/gnu/h-i686-mingw32/bin/../lib/gcc/nios2-elf/4.1.2/../../../../nios2-elf/lib/mno-hw-mul\libc.a(lib_a-mallocr.o)
                0x0c0007e8                _malloc_r
 .text          0x0c000f28       0xe4 d:/altera/13.0/nios2eds/bin/gnu/h-i686-mingw32/bin/../lib/gcc/nios2-elf/4.1.2/../../../../nios2-elf/lib/mno-hw-mul\libc.a(lib_a-memchr.o)
                0x0c000f28                memchr
 .text          0x0c00100c       0xa0 d:/altera/13.0/nios2eds/bin/gnu/h-i686-mingw32/bin/../lib/gcc/nios2-elf/4.1.2/../../../../nios2-elf/lib/mno-hw-mul\libc.a(lib_a-memcpy.o)
                0x0c00100c                memcpy
 .text          0x0c0010ac       0xe0 d:/altera/13.0/nios2eds/bin/gnu/h-i686-mingw32/bin/../lib/gcc/nios2-elf/4.1.2/../../../../nios2-elf/lib/mno-hw-mul\libc.a(lib_a-memmove.o)
                0x0c0010ac                memmove
 .text          0x0c00118c      0x5f4 d:/altera/13.0/nios2eds/bin/gnu/h-i686-mingw32/bin/../lib/gcc/nios2-elf/4.1.2/../../../../nios2-elf/lib/mno-hw-mul\libc.a(lib_a-reallocr.o)
                0x0c00118c                _realloc_r
 .text          0x0c001780       0x70 d:/altera/13.0/nios2eds/bin/gnu/h-i686-mingw32/bin/../lib/gcc/nios2-elf/4.1.2/../../../../nios2-elf/lib/mno-hw-mul\libc.a(lib_a-sbrkr.o)
                0x0c001780                _sbrk_r
 .text          0x0c0017f0      0x13c d:/altera/13.0/nios2eds/bin/gnu/h-i686-mingw32/bin/../lib/gcc/nios2-elf/4.1.2/../../../../nios2-elf/lib/mno-hw-mul\libc.a(lib_a-wsetup.o)
                0x0c0017f0                __swsetup_r
 .text          0x0c00192c      0x230 d:/altera/13.0/nios2eds/bin/gnu/h-i686-mingw32/bin/../lib/gcc/nios2-elf/4.1.2/../../../../nios2-elf/lib/mno-hw-mul\libc.a(lib_a-fflush.o)
                0x0c00192c                _fflush_r
                0x0c001b28                fflush
 .text          0x0c001b5c      0x2f4 d:/altera/13.0/nios2eds/bin/gnu/h-i686-mingw32/bin/../lib/gcc/nios2-elf/4.1.2/../../../../nios2-elf/lib/mno-hw-mul\libc.a(lib_a-findfp.o)
                0x0c001bb4                __sfp_lock_acquire
                0x0c001bb8                __sfp_lock_release
                0x0c001bbc                __sinit_lock_acquire
                0x0c001bc0                __sinit_lock_release
                0x0c001bc4                __sinit
                0x0c001c78                __fp_unlock_all
                0x0c001c90                __fp_lock_all
                0x0c001ca8                _cleanup_r
                0x0c001cb4                _cleanup
                0x0c001cc4                __sfmoreglue
                0x0c001d60                __sfp
 .text          0x0c001e50      0x440 d:/altera/13.0/nios2eds/bin/gnu/h-i686-mingw32/bin/../lib/gcc/nios2-elf/4.1.2/../../../../nios2-elf/lib/mno-hw-mul\libc.a(lib_a-freer.o)
                0x0c001e50                _malloc_trim_r
                0x0c001f7c                _free_r
 .text          0x0c002290      0x180 d:/altera/13.0/nios2eds/bin/gnu/h-i686-mingw32/bin/../lib/gcc/nios2-elf/4.1.2/../../../../nios2-elf/lib/mno-hw-mul\libc.a(lib_a-fwalk.o)
                0x0c002290                _fwalk_reent
                0x0c002358                _fwalk
 .text          0x0c002410        0x0 d:/altera/13.0/nios2eds/bin/gnu/h-i686-mingw32/bin/../lib/gcc/nios2-elf/4.1.2/../../../../nios2-elf/lib/mno-hw-mul\libc.a(lib_a-int_errno.o)
 .text          0x0c002410      0x194 d:/altera/13.0/nios2eds/bin/gnu/h-i686-mingw32/bin/../lib/gcc/nios2-elf/4.1.2/../../../../nios2-elf/lib/mno-hw-mul\libc.a(lib_a-makebuf.o)
                0x0c002410                __smakebuf_r
 .text          0x0c0025a4       0x98 d:/altera/13.0/nios2eds/bin/gnu/h-i686-mingw32/bin/../lib/gcc/nios2-elf/4.1.2/../../../../nios2-elf/lib/mno-hw-mul\libc.a(lib_a-memset.o)
                0x0c0025a4                memset
 .text          0x0c00263c      0x14c d:/altera/13.0/nios2eds/bin/gnu/h-i686-mingw32/bin/../lib/gcc/nios2-elf/4.1.2/../../../../nios2-elf/lib/mno-hw-mul\libc.a(lib_a-stdio.o)
                0x0c00263c                __sclose
                0x0c002644                __sseek
                0x0c0026ac                __swrite
                0x0c002728                __sread
 .text          0x0c002788       0x78 d:/altera/13.0/nios2eds/bin/gnu/h-i686-mingw32/bin/../lib/gcc/nios2-elf/4.1.2/../../../../nios2-elf/lib/mno-hw-mul\libc.a(lib_a-writer.o)
                0x0c002788                _write_r
 .text          0x0c002800       0x70 d:/altera/13.0/nios2eds/bin/gnu/h-i686-mingw32/bin/../lib/gcc/nios2-elf/4.1.2/../../../../nios2-elf/lib/mno-hw-mul\libc.a(lib_a-closer.o)
                0x0c002800                _close_r
 .text          0x0c002870      0x124 d:/altera/13.0/nios2eds/bin/gnu/h-i686-mingw32/bin/../lib/gcc/nios2-elf/4.1.2/../../../../nios2-elf/lib/mno-hw-mul\libc.a(lib_a-fclose.o)
                0x0c002870                _fclose_r
                0x0c002980                fclose
 .text          0x0c002994       0x74 d:/altera/13.0/nios2eds/bin/gnu/h-i686-mingw32/bin/../lib/gcc/nios2-elf/4.1.2/../../../../nios2-elf/lib/mno-hw-mul\libc.a(lib_a-fstatr.o)
                0x0c002994                _fstat_r
 .text          0x0c002a08       0x70 d:/altera/13.0/nios2eds/bin/gnu/h-i686-mingw32/bin/../lib/gcc/nios2-elf/4.1.2/../../../../nios2-elf/lib/mno-hw-mul\libc.a(lib_a-isattyr.o)
                0x0c002a08                _isatty_r
 .text          0x0c002a78       0x78 d:/altera/13.0/nios2eds/bin/gnu/h-i686-mingw32/bin/../lib/gcc/nios2-elf/4.1.2/../../../../nios2-elf/lib/mno-hw-mul\libc.a(lib_a-lseekr.o)
                0x0c002a78                _lseek_r
 .text          0x0c002af0       0x78 d:/altera/13.0/nios2eds/bin/gnu/h-i686-mingw32/bin/../lib/gcc/nios2-elf/4.1.2/../../../../nios2-elf/lib/mno-hw-mul\libc.a(lib_a-readr.o)
                0x0c002af0                _read_r
 .text          0x0c002b68       0x38 d:/altera/13.0/nios2eds/bin/gnu/h-i686-mingw32/bin/../lib/gcc/nios2-elf/4.1.2/mno-hw-mul\libgcc.a(lib2-mul.o)
                0x0c002b68                __mulsi3
 .text          0x0c002ba0      0x160 ../ddr_layout_V5_bsp/\libhal_bsp.a(alt_close.o)
                0x0c002ba0                close
 .text          0x0c002d00       0x2c ../ddr_layout_V5_bsp/\libhal_bsp.a(alt_dev.o)
 .text          0x0c002d2c        0x0 ../ddr_layout_V5_bsp/\libhal_bsp.a(alt_errno.o)
 .text          0x0c002d2c      0x138 ../ddr_layout_V5_bsp/\libhal_bsp.a(alt_fstat.o)
                0x0c002d2c                fstat
 .text          0x0c002e64      0x124 ../ddr_layout_V5_bsp/\libhal_bsp.a(alt_isatty.o)
                0x0c002e64                isatty
 .text          0x0c002f88       0xec ../ddr_layout_V5_bsp/\libhal_bsp.a(alt_load.o)
                0x0c002f88                alt_load
 .text          0x0c003074      0x154 ../ddr_layout_V5_bsp/\libhal_bsp.a(alt_lseek.o)
                0x0c003074                lseek
 .text          0x0c0031c8       0x6c ../ddr_layout_V5_bsp/\libhal_bsp.a(alt_main.o)
                0x0c0031c8                alt_main
 .text          0x0c003234       0x40 ../ddr_layout_V5_bsp/\libhal_bsp.a(alt_malloc_lock.o)
                0x0c003234                __malloc_lock
                0x0c003254                __malloc_unlock
 .text          0x0c003274      0x184 ../ddr_layout_V5_bsp/\libhal_bsp.a(alt_read.o)
                0x0c003274                read
 .text          0x0c0033f8       0x78 ../ddr_layout_V5_bsp/\libhal_bsp.a(alt_release_fd.o)
                0x0c0033f8                alt_release_fd
 .text          0x0c003470       0xbc ../ddr_layout_V5_bsp/\libhal_bsp.a(alt_sbrk.o)
                0x0c003470                sbrk
 .text          0x0c00352c      0x184 ../ddr_layout_V5_bsp/\libhal_bsp.a(alt_write.o)
                0x0c00352c                write
 .text          0x0c0036b0       0xf4 ../ddr_layout_V5_bsp/\libhal_bsp.a(alt_sys_init.o)
                0x0c0036b0                alt_irq_init
                0x0c0036e4                alt_sys_init
 .text          0x0c0037a4      0x9e4 ../ddr_layout_V5_bsp/\libhal_bsp.a(altera_avalon_epcs_flash_controller.o)
                0x0c0037a4                alt_epcs_flash_init
                0x0c003bc0                alt_epcs_flash_write
                0x0c003e40                alt_epcs_flash_get_info
                0x0c003ed0                alt_epcs_flash_erase_block
                0x0c003fd4                alt_epcs_flash_write_block
                0x0c0040f0                alt_epcs_flash_read
 .text          0x0c004188      0x148 ../ddr_layout_V5_bsp/\libhal_bsp.a(altera_avalon_jtag_uart_fd.o)
                0x0c004188                altera_avalon_jtag_uart_read_fd
                0x0c0041e0                altera_avalon_jtag_uart_write_fd
                0x0c004238                altera_avalon_jtag_uart_close_fd
                0x0c004280                altera_avalon_jtag_uart_ioctl_fd
 .text          0x0c0042d0      0x40c ../ddr_layout_V5_bsp/\libhal_bsp.a(altera_avalon_jtag_uart_init.o)
                0x0c0042d0                altera_avalon_jtag_uart_init
                0x0c004668                altera_avalon_jtag_uart_close
 .text          0x0c0046dc       0xf4 ../ddr_layout_V5_bsp/\libhal_bsp.a(altera_avalon_jtag_uart_ioctl.o)
                0x0c0046dc                altera_avalon_jtag_uart_ioctl
 .text          0x0c0047d0      0x224 ../ddr_layout_V5_bsp/\libhal_bsp.a(altera_avalon_jtag_uart_read.o)
                0x0c0047d0                altera_avalon_jtag_uart_read
 .text          0x0c0049f4      0x240 ../ddr_layout_V5_bsp/\libhal_bsp.a(altera_avalon_jtag_uart_write.o)
                0x0c0049f4                altera_avalon_jtag_uart_write
 .text          0x0c004c34      0x100 ../ddr_layout_V5_bsp/\libhal_bsp.a(altera_avalon_timer_sc.o)
                0x0c004ca4                alt_avalon_timer_sc_init
 .text          0x0c004d34       0xf8 ../ddr_layout_V5_bsp/\libhal_bsp.a(altera_avalon_uart_fd.o)
                0x0c004d34                altera_avalon_uart_read_fd
                0x0c004d8c                altera_avalon_uart_write_fd
                0x0c004de4                altera_avalon_uart_close_fd
 .text          0x0c004e2c      0x400 ../ddr_layout_V5_bsp/\libhal_bsp.a(altera_avalon_uart_init.o)
                0x0c004e2c                altera_avalon_uart_init
                0x0c0051cc                altera_avalon_uart_close
 .text          0x0c00522c      0x290 ../ddr_layout_V5_bsp/\libhal_bsp.a(altera_avalon_uart_read.o)
                0x0c00522c                altera_avalon_uart_read
 .text          0x0c0054bc      0x228 ../ddr_layout_V5_bsp/\libhal_bsp.a(altera_avalon_uart_write.o)
                0x0c0054bc                altera_avalon_uart_write
 .text          0x0c0056e4      0x6d4 ../ddr_layout_V5_bsp/\libhal_bsp.a(epcs_commands.o)
                0x0c0056e4                epcs_read_status_register
                0x0c005744                epcs_sector_erase
                0x0c0058ac                epcs_read_buffer
                0x0c0059f8                epcs_write_enable
                0x0c005a48                epcs_write_status_register
                0x0c005aac                epcs_write_buffer
                0x0c005c1c                epcs_read_electronic_signature
                0x0c005c88                epcs_read_device_id
                0x0c005d08                epcs_enter_4_bytes_mode
                0x0c005d60                epcs_exit_4_bytes_mode
 .text          0x0c005db8      0x154 ../ddr_layout_V5_bsp/\libhal_bsp.a(alt_alarm_start.o)
                0x0c005db8                alt_alarm_start
 .text          0x0c005f0c       0x1c ../ddr_layout_V5_bsp/\libhal_bsp.a(alt_dcache_flush_all.o)
                0x0c005f0c                alt_dcache_flush_all
 .text          0x0c005f28      0x114 ../ddr_layout_V5_bsp/\libhal_bsp.a(alt_dev_llist_insert.o)
                0x0c005f28                alt_dev_llist_insert
 .text          0x0c00603c       0x64 ../ddr_layout_V5_bsp/\libhal_bsp.a(alt_do_ctors.o)
                0x0c00603c                _do_ctors
 .text          0x0c0060a0       0x64 ../ddr_layout_V5_bsp/\libhal_bsp.a(alt_do_dtors.o)
                0x0c0060a0                _do_dtors
 .text          0x0c006104       0xd0 ../ddr_layout_V5_bsp/\libhal_bsp.a(alt_flash_dev.o)
                0x0c006104                alt_flash_open_dev
                0x0c006180                alt_flash_close_dev
 .text          0x0c0061d4       0x1c ../ddr_layout_V5_bsp/\libhal_bsp.a(alt_icache_flush_all.o)
                0x0c0061d4                alt_icache_flush_all
 .text          0x0c0061f0      0x1d4 ../ddr_layout_V5_bsp/\libhal_bsp.a(alt_iic.o)
                0x0c0061f0                alt_ic_isr_register
                0x0c006240                alt_ic_irq_enable
                0x0c0062dc                alt_ic_irq_disable
                0x0c00637c                alt_ic_irq_enabled
 .text          0x0c0063c4       0xf8 ../ddr_layout_V5_bsp/\libhal_bsp.a(alt_iic_isr_register.o)
                0x0c0063c4                alt_iic_isr_register
 .text          0x0c0064bc      0x150 ../ddr_layout_V5_bsp/\libhal_bsp.a(alt_io_redirect.o)
                0x0c006594                alt_io_redirect
 .text          0x0c00660c        0x0 ../ddr_layout_V5_bsp/\libhal_bsp.a(alt_irq_entry.o)
 .text          0x0c00660c        0x0 ../ddr_layout_V5_bsp/\libhal_bsp.a(alt_irq_handler.o)
 .text          0x0c00660c        0x0 ../ddr_layout_V5_bsp/\libhal_bsp.a(alt_irq_vars.o)
 .text          0x0c00660c      0x2e4 ../ddr_layout_V5_bsp/\libhal_bsp.a(alt_open.o)
                0x0c006704                open
 .text          0x0c0068f0      0x1a4 ../ddr_layout_V5_bsp/\libhal_bsp.a(alt_tick.o)
                0x0c0068f0                alt_alarm_stop
                0x0c006988                alt_tick
 .text          0x0c006a94       0x20 ../ddr_layout_V5_bsp/\libhal_bsp.a(altera_nios2_qsys_irq.o)
                0x0c006a94                altera_nios2_qsys_irq_init
 .text          0x0c006ab4      0x238 ../ddr_layout_V5_bsp/\libhal_bsp.a(altera_avalon_spi.o)
                0x0c006ab4                alt_avalon_spi_command
 .text          0x0c006cec        0x0 ../ddr_layout_V5_bsp/\libhal_bsp.a(alt_exception_entry.o)
 .text          0x0c006cec       0x94 ../ddr_layout_V5_bsp/\libhal_bsp.a(alt_find_dev.o)
                0x0c006cec                alt_find_dev
 .text          0x0c006d80      0x120 ../ddr_layout_V5_bsp/\libhal_bsp.a(alt_find_file.o)
                0x0c006d80                alt_find_file
 .text          0x0c006ea0       0xd0 ../ddr_layout_V5_bsp/\libhal_bsp.a(alt_get_fd.o)
                0x0c006ea0                alt_get_fd
 .text          0x0c006f70       0x14 d:/altera/13.0/nios2eds/bin/gnu/h-i686-mingw32/bin/../lib/gcc/nios2-elf/4.1.2/../../../../nios2-elf/lib/mno-hw-mul\libc.a(lib_a-atexit.o)
                0x0c006f70                atexit
 .text          0x0c006f84       0x38 d:/altera/13.0/nios2eds/bin/gnu/h-i686-mingw32/bin/../lib/gcc/nios2-elf/4.1.2/../../../../nios2-elf/lib/mno-hw-mul\libc.a(lib_a-exit.o)
                0x0c006f84                exit
 .text          0x0c006fbc       0x74 d:/altera/13.0/nios2eds/bin/gnu/h-i686-mingw32/bin/../lib/gcc/nios2-elf/4.1.2/../../../../nios2-elf/lib/mno-hw-mul\libc.a(lib_a-memcmp.o)
                0x0c006fbc                memcmp
 .text          0x0c007030      0x134 d:/altera/13.0/nios2eds/bin/gnu/h-i686-mingw32/bin/../lib/gcc/nios2-elf/4.1.2/../../../../nios2-elf/lib/mno-hw-mul\libc.a(lib_a-__atexit.o)
                0x0c007030                __register_exitproc
 .text          0x0c007164      0x1b4 d:/altera/13.0/nios2eds/bin/gnu/h-i686-mingw32/bin/../lib/gcc/nios2-elf/4.1.2/../../../../nios2-elf/lib/mno-hw-mul\libc.a(lib_a-__call_atexit.o)
                0x0c007168                __call_exitprocs
 .text          0x0c007318       0x60 ../ddr_layout_V5_bsp/\libhal_bsp.a(alt_exit.o)
                0x0c007358                _exit
 *(.gnu.warning.*)
 *(.fini)
                0x0c007378                PROVIDE (__etext, ABSOLUTE (.))
                0x0c007378                PROVIDE (_etext, ABSOLUTE (.))
                0x0c007378                PROVIDE (etext, ABSOLUTE (.))
 *(.eh_frame_hdr)
                0x0c007378                . = ALIGN (0x4)
                0x0c007378                PROVIDE (__preinit_array_start, ABSOLUTE (.))
 *(.preinit_array)
                0x0c007378                PROVIDE (__preinit_array_end, ABSOLUTE (.))
                0x0c007378                PROVIDE (__init_array_start, ABSOLUTE (.))
 *(.init_array)
                0x0c007378                PROVIDE (__init_array_end, ABSOLUTE (.))
                0x0c007378                PROVIDE (__fini_array_start, ABSOLUTE (.))
 *(.fini_array)
                0x0c007378                PROVIDE (__fini_array_end, ABSOLUTE (.))
 *(.eh_frame)
 *(.gcc_except_table)
 *(.dynamic)
                0x0c007378                PROVIDE (__CTOR_LIST__, ABSOLUTE (.))
 *(.ctors)
 *(SORT(.ctors.*))
 .ctors.65535   0x0c007378        0x4 d:/altera/13.0/nios2eds/bin/gnu/h-i686-mingw32/bin/../lib/gcc/nios2-elf/4.1.2/../../../../nios2-elf/lib/mno-hw-mul\libc.a(lib_a-__call_atexit.o)
                0x0c00737c                PROVIDE (__CTOR_END__, ABSOLUTE (.))
                0x0c00737c                PROVIDE (__DTOR_LIST__, ABSOLUTE (.))
 *(.dtors)
 *(SORT(.dtors.*))
                0x0c00737c                PROVIDE (__DTOR_END__, ABSOLUTE (.))
 *(.jcr)
                0x0c00737c                . = ALIGN (0x4)

.rodata         0x0c00737c       0x7c
                0x0c00737c                PROVIDE (__ram_rodata_start, ABSOLUTE (.))
                0x0c00737c                . = ALIGN (0x4)
 *(.rodata .rodata.* .gnu.linkonce.r.*)
 .rodata        0x0c00737c       0x14 obj/default/hello_world.o
 .rodata.str1.4
                0x0c007390        0x2 d:/altera/13.0/nios2eds/bin/gnu/h-i686-mingw32/bin/../lib/gcc/nios2-elf/4.1.2/../../../../nios2-elf/lib/mno-hw-mul\libc.a(lib_a-puts.o)
                                  0x4 (size before relaxing)
 *fill*         0x0c007392        0x2 00
 .rodata.str1.4
                0x0c007394        0x4 d:/altera/13.0/nios2eds/bin/gnu/h-i686-mingw32/bin/../lib/gcc/nios2-elf/4.1.2/../../../../nios2-elf/lib/mno-hw-mul\libc.a(lib_a-impure.o)
 .rodata        0x0c007398        0xc ../ddr_layout_V5_bsp/\libhal_bsp.a(alt_dev.o)
 .rodata        0x0c0073a4       0x14 ../ddr_layout_V5_bsp/\libhal_bsp.a(alt_main.o)
 .rodata        0x0c0073b8       0x40 ../ddr_layout_V5_bsp/\libhal_bsp.a(alt_sys_init.o)
 *(.rodata1)
                0x0c0073f8                . = ALIGN (0x4)
                0x0c0073f8                PROVIDE (__ram_rodata_end, ABSOLUTE (.))
                0x0c00737c                PROVIDE (__flash_rodata_start, LOADADDR (.rodata))

.rwdata         0x0c0073f8     0x1bdc load address 0x0c008fd4
                0x0c0073f8                PROVIDE (__ram_rwdata_start, ABSOLUTE (.))
                0x0c0073f8                . = ALIGN (0x4)
 *(.got.plt)
 *(.got)
 *(.data1)
 *(.data .data.* .gnu.linkonce.d.*)
 .data          0x0c0073f8        0x0 ../ddr_layout_V5_bsp//obj/HAL/src/crt0.o
 .data          0x0c0073f8        0x0 obj/default/hello_world.o
 .data          0x0c0073f8        0x0 d:/altera/13.0/nios2eds/bin/gnu/h-i686-mingw32/bin/../lib/gcc/nios2-elf/4.1.2/../../../../nios2-elf/lib/mno-hw-mul\libc.a(lib_a-puts.o)
 .data          0x0c0073f8        0x0 d:/altera/13.0/nios2eds/bin/gnu/h-i686-mingw32/bin/../lib/gcc/nios2-elf/4.1.2/../../../../nios2-elf/lib/mno-hw-mul\libc.a(lib_a-strlen.o)
 .data          0x0c0073f8        0x0 d:/altera/13.0/nios2eds/bin/gnu/h-i686-mingw32/bin/../lib/gcc/nios2-elf/4.1.2/../../../../nios2-elf/lib/mno-hw-mul\libc.a(lib_a-fvwrite.o)
 .data          0x0c0073f8      0x400 d:/altera/13.0/nios2eds/bin/gnu/h-i686-mingw32/bin/../lib/gcc/nios2-elf/4.1.2/../../../../nios2-elf/lib/mno-hw-mul\libc.a(lib_a-impure.o)
 .data          0x0c0077f8      0x408 d:/altera/13.0/nios2eds/bin/gnu/h-i686-mingw32/bin/../lib/gcc/nios2-elf/4.1.2/../../../../nios2-elf/lib/mno-hw-mul\libc.a(lib_a-mallocr.o)
                0x0c0077f8                __malloc_av_
 .data          0x0c007c00        0x0 d:/altera/13.0/nios2eds/bin/gnu/h-i686-mingw32/bin/../lib/gcc/nios2-elf/4.1.2/../../../../nios2-elf/lib/mno-hw-mul\libc.a(lib_a-memchr.o)
 .data          0x0c007c00        0x0 d:/altera/13.0/nios2eds/bin/gnu/h-i686-mingw32/bin/../lib/gcc/nios2-elf/4.1.2/../../../../nios2-elf/lib/mno-hw-mul\libc.a(lib_a-memcpy.o)
 .data          0x0c007c00        0x0 d:/altera/13.0/nios2eds/bin/gnu/h-i686-mingw32/bin/../lib/gcc/nios2-elf/4.1.2/../../../../nios2-elf/lib/mno-hw-mul\libc.a(lib_a-memmove.o)
 .data          0x0c007c00        0x0 d:/altera/13.0/nios2eds/bin/gnu/h-i686-mingw32/bin/../lib/gcc/nios2-elf/4.1.2/../../../../nios2-elf/lib/mno-hw-mul\libc.a(lib_a-reallocr.o)
 .data          0x0c007c00        0x0 d:/altera/13.0/nios2eds/bin/gnu/h-i686-mingw32/bin/../lib/gcc/nios2-elf/4.1.2/../../../../nios2-elf/lib/mno-hw-mul\libc.a(lib_a-sbrkr.o)
 .data          0x0c007c00        0x0 d:/altera/13.0/nios2eds/bin/gnu/h-i686-mingw32/bin/../lib/gcc/nios2-elf/4.1.2/../../../../nios2-elf/lib/mno-hw-mul\libc.a(lib_a-wsetup.o)
 .data          0x0c007c00        0x0 d:/altera/13.0/nios2eds/bin/gnu/h-i686-mingw32/bin/../lib/gcc/nios2-elf/4.1.2/../../../../nios2-elf/lib/mno-hw-mul\libc.a(lib_a-fflush.o)
 .data          0x0c007c00        0x0 d:/altera/13.0/nios2eds/bin/gnu/h-i686-mingw32/bin/../lib/gcc/nios2-elf/4.1.2/../../../../nios2-elf/lib/mno-hw-mul\libc.a(lib_a-findfp.o)
 .data          0x0c007c00        0x0 d:/altera/13.0/nios2eds/bin/gnu/h-i686-mingw32/bin/../lib/gcc/nios2-elf/4.1.2/../../../../nios2-elf/lib/mno-hw-mul\libc.a(lib_a-freer.o)
 .data          0x0c007c00        0x0 d:/altera/13.0/nios2eds/bin/gnu/h-i686-mingw32/bin/../lib/gcc/nios2-elf/4.1.2/../../../../nios2-elf/lib/mno-hw-mul\libc.a(lib_a-fwalk.o)
 .data          0x0c007c00        0x0 d:/altera/13.0/nios2eds/bin/gnu/h-i686-mingw32/bin/../lib/gcc/nios2-elf/4.1.2/../../../../nios2-elf/lib/mno-hw-mul\libc.a(lib_a-int_errno.o)
 .data          0x0c007c00        0x0 d:/altera/13.0/nios2eds/bin/gnu/h-i686-mingw32/bin/../lib/gcc/nios2-elf/4.1.2/../../../../nios2-elf/lib/mno-hw-mul\libc.a(lib_a-makebuf.o)
 .data          0x0c007c00        0x0 d:/altera/13.0/nios2eds/bin/gnu/h-i686-mingw32/bin/../lib/gcc/nios2-elf/4.1.2/../../../../nios2-elf/lib/mno-hw-mul\libc.a(lib_a-memset.o)
 .data          0x0c007c00        0x0 d:/altera/13.0/nios2eds/bin/gnu/h-i686-mingw32/bin/../lib/gcc/nios2-elf/4.1.2/../../../../nios2-elf/lib/mno-hw-mul\libc.a(lib_a-stdio.o)
 .data          0x0c007c00        0x0 d:/altera/13.0/nios2eds/bin/gnu/h-i686-mingw32/bin/../lib/gcc/nios2-elf/4.1.2/../../../../nios2-elf/lib/mno-hw-mul\libc.a(lib_a-writer.o)
 .data          0x0c007c00        0x0 d:/altera/13.0/nios2eds/bin/gnu/h-i686-mingw32/bin/../lib/gcc/nios2-elf/4.1.2/../../../../nios2-elf/lib/mno-hw-mul\libc.a(lib_a-closer.o)
 .data          0x0c007c00        0x0 d:/altera/13.0/nios2eds/bin/gnu/h-i686-mingw32/bin/../lib/gcc/nios2-elf/4.1.2/../../../../nios2-elf/lib/mno-hw-mul\libc.a(lib_a-fclose.o)
 .data          0x0c007c00        0x0 d:/altera/13.0/nios2eds/bin/gnu/h-i686-mingw32/bin/../lib/gcc/nios2-elf/4.1.2/../../../../nios2-elf/lib/mno-hw-mul\libc.a(lib_a-fstatr.o)
 .data          0x0c007c00        0x0 d:/altera/13.0/nios2eds/bin/gnu/h-i686-mingw32/bin/../lib/gcc/nios2-elf/4.1.2/../../../../nios2-elf/lib/mno-hw-mul\libc.a(lib_a-isattyr.o)
 .data          0x0c007c00        0x0 d:/altera/13.0/nios2eds/bin/gnu/h-i686-mingw32/bin/../lib/gcc/nios2-elf/4.1.2/../../../../nios2-elf/lib/mno-hw-mul\libc.a(lib_a-lseekr.o)
 .data          0x0c007c00        0x0 d:/altera/13.0/nios2eds/bin/gnu/h-i686-mingw32/bin/../lib/gcc/nios2-elf/4.1.2/../../../../nios2-elf/lib/mno-hw-mul\libc.a(lib_a-readr.o)
 .data          0x0c007c00        0x0 d:/altera/13.0/nios2eds/bin/gnu/h-i686-mingw32/bin/../lib/gcc/nios2-elf/4.1.2/mno-hw-mul\libgcc.a(lib2-mul.o)
 .data          0x0c007c00        0x0 ../ddr_layout_V5_bsp/\libhal_bsp.a(alt_close.o)
 .data          0x0c007c00      0x1a8 ../ddr_layout_V5_bsp/\libhal_bsp.a(alt_dev.o)
                0x0c007c00                alt_dev_null
                0x0c007c28                alt_fd_list
 .data          0x0c007da8        0x0 ../ddr_layout_V5_bsp/\libhal_bsp.a(alt_errno.o)
 .data          0x0c007da8        0x0 ../ddr_layout_V5_bsp/\libhal_bsp.a(alt_fstat.o)
 .data          0x0c007da8        0x0 ../ddr_layout_V5_bsp/\libhal_bsp.a(alt_isatty.o)
 .data          0x0c007da8        0x0 ../ddr_layout_V5_bsp/\libhal_bsp.a(alt_load.o)
 .data          0x0c007da8        0x0 ../ddr_layout_V5_bsp/\libhal_bsp.a(alt_lseek.o)
 .data          0x0c007da8        0x0 ../ddr_layout_V5_bsp/\libhal_bsp.a(alt_main.o)
 .data          0x0c007da8        0x0 ../ddr_layout_V5_bsp/\libhal_bsp.a(alt_malloc_lock.o)
 .data          0x0c007da8        0x0 ../ddr_layout_V5_bsp/\libhal_bsp.a(alt_read.o)
 .data          0x0c007da8        0x0 ../ddr_layout_V5_bsp/\libhal_bsp.a(alt_release_fd.o)
 .data          0x0c007da8        0x0 ../ddr_layout_V5_bsp/\libhal_bsp.a(alt_sbrk.o)
 .data          0x0c007da8        0x0 ../ddr_layout_V5_bsp/\libhal_bsp.a(alt_write.o)
 .data          0x0c007da8     0x11ec ../ddr_layout_V5_bsp/\libhal_bsp.a(alt_sys_init.o)
 .data          0x0c008f94        0x0 ../ddr_layout_V5_bsp/\libhal_bsp.a(altera_avalon_epcs_flash_controller.o)
 .data          0x0c008f94        0x0 ../ddr_layout_V5_bsp/\libhal_bsp.a(altera_avalon_jtag_uart_fd.o)
 .data          0x0c008f94        0x0 ../ddr_layout_V5_bsp/\libhal_bsp.a(altera_avalon_jtag_uart_init.o)
 .data          0x0c008f94        0x0 ../ddr_layout_V5_bsp/\libhal_bsp.a(altera_avalon_jtag_uart_ioctl.o)
 .data          0x0c008f94        0x0 ../ddr_layout_V5_bsp/\libhal_bsp.a(altera_avalon_jtag_uart_read.o)
 .data          0x0c008f94        0x0 ../ddr_layout_V5_bsp/\libhal_bsp.a(altera_avalon_jtag_uart_write.o)
 .data          0x0c008f94        0x0 ../ddr_layout_V5_bsp/\libhal_bsp.a(altera_avalon_timer_sc.o)
 .data          0x0c008f94        0x0 ../ddr_layout_V5_bsp/\libhal_bsp.a(altera_avalon_uart_fd.o)
 .data          0x0c008f94        0x0 ../ddr_layout_V5_bsp/\libhal_bsp.a(altera_avalon_uart_init.o)
 .data          0x0c008f94        0x0 ../ddr_layout_V5_bsp/\libhal_bsp.a(altera_avalon_uart_read.o)
 .data          0x0c008f94        0x0 ../ddr_layout_V5_bsp/\libhal_bsp.a(altera_avalon_uart_write.o)
 .data          0x0c008f94        0x0 ../ddr_layout_V5_bsp/\libhal_bsp.a(epcs_commands.o)
 .data          0x0c008f94        0x0 ../ddr_layout_V5_bsp/\libhal_bsp.a(alt_alarm_start.o)
 .data          0x0c008f94        0x0 ../ddr_layout_V5_bsp/\libhal_bsp.a(alt_dcache_flush_all.o)
 .data          0x0c008f94        0x0 ../ddr_layout_V5_bsp/\libhal_bsp.a(alt_dev_llist_insert.o)
 .data          0x0c008f94        0x0 ../ddr_layout_V5_bsp/\libhal_bsp.a(alt_do_ctors.o)
 .data          0x0c008f94        0x0 ../ddr_layout_V5_bsp/\libhal_bsp.a(alt_do_dtors.o)
 .data          0x0c008f94        0x0 ../ddr_layout_V5_bsp/\libhal_bsp.a(alt_flash_dev.o)
 .data          0x0c008f94        0x0 ../ddr_layout_V5_bsp/\libhal_bsp.a(alt_icache_flush_all.o)
 .data          0x0c008f94        0x0 ../ddr_layout_V5_bsp/\libhal_bsp.a(alt_iic.o)
 .data          0x0c008f94        0x0 ../ddr_layout_V5_bsp/\libhal_bsp.a(alt_iic_isr_register.o)
 .data          0x0c008f94        0x0 ../ddr_layout_V5_bsp/\libhal_bsp.a(alt_io_redirect.o)
 .data          0x0c008f94        0x0 ../ddr_layout_V5_bsp/\libhal_bsp.a(alt_irq_entry.o)
 .data          0x0c008f94        0x0 ../ddr_layout_V5_bsp/\libhal_bsp.a(alt_irq_handler.o)
 .data          0x0c008f94        0x0 ../ddr_layout_V5_bsp/\libhal_bsp.a(alt_irq_vars.o)
 .data          0x0c008f94        0x0 ../ddr_layout_V5_bsp/\libhal_bsp.a(alt_open.o)
 .data          0x0c008f94        0x0 ../ddr_layout_V5_bsp/\libhal_bsp.a(alt_tick.o)
 .data          0x0c008f94        0x0 ../ddr_layout_V5_bsp/\libhal_bsp.a(altera_nios2_qsys_irq.o)
 .data          0x0c008f94        0x0 ../ddr_layout_V5_bsp/\libhal_bsp.a(altera_avalon_spi.o)
 .data          0x0c008f94        0x0 ../ddr_layout_V5_bsp/\libhal_bsp.a(alt_exception_entry.o)
 .data          0x0c008f94        0x0 ../ddr_layout_V5_bsp/\libhal_bsp.a(alt_find_dev.o)
 .data          0x0c008f94        0x0 ../ddr_layout_V5_bsp/\libhal_bsp.a(alt_find_file.o)
 .data          0x0c008f94        0x0 ../ddr_layout_V5_bsp/\libhal_bsp.a(alt_get_fd.o)
 .data          0x0c008f94        0x0 d:/altera/13.0/nios2eds/bin/gnu/h-i686-mingw32/bin/../lib/gcc/nios2-elf/4.1.2/../../../../nios2-elf/lib/mno-hw-mul\libc.a(lib_a-atexit.o)
 .data          0x0c008f94        0x0 d:/altera/13.0/nios2eds/bin/gnu/h-i686-mingw32/bin/../lib/gcc/nios2-elf/4.1.2/../../../../nios2-elf/lib/mno-hw-mul\libc.a(lib_a-exit.o)
 .data          0x0c008f94        0x0 d:/altera/13.0/nios2eds/bin/gnu/h-i686-mingw32/bin/../lib/gcc/nios2-elf/4.1.2/../../../../nios2-elf/lib/mno-hw-mul\libc.a(lib_a-memcmp.o)
 .data          0x0c008f94        0x0 d:/altera/13.0/nios2eds/bin/gnu/h-i686-mingw32/bin/../lib/gcc/nios2-elf/4.1.2/../../../../nios2-elf/lib/mno-hw-mul\libc.a(lib_a-__atexit.o)
 .data          0x0c008f94        0x0 d:/altera/13.0/nios2eds/bin/gnu/h-i686-mingw32/bin/../lib/gcc/nios2-elf/4.1.2/../../../../nios2-elf/lib/mno-hw-mul\libc.a(lib_a-__call_atexit.o)
 .data          0x0c008f94        0x0 ../ddr_layout_V5_bsp/\libhal_bsp.a(alt_exit.o)
                0x0c010f94                _gp = ABSOLUTE ((. + 0x8000))
                0x0c010f94                PROVIDE (gp, _gp)
 *(.rwdata .rwdata.*)
 *(.sdata .sdata.* .gnu.linkonce.s.*)
 .sdata         0x0c008f94        0x8 d:/altera/13.0/nios2eds/bin/gnu/h-i686-mingw32/bin/../lib/gcc/nios2-elf/4.1.2/../../../../nios2-elf/lib/mno-hw-mul\libc.a(lib_a-impure.o)
                0x0c008f94                _impure_ptr
                0x0c008f98                _global_impure_ptr
 .sdata         0x0c008f9c        0x8 d:/altera/13.0/nios2eds/bin/gnu/h-i686-mingw32/bin/../lib/gcc/nios2-elf/4.1.2/../../../../nios2-elf/lib/mno-hw-mul\libc.a(lib_a-mallocr.o)
                0x0c008f9c                __malloc_trim_threshold
                0x0c008fa0                __malloc_sbrk_base
 .sdata         0x0c008fa4       0x14 ../ddr_layout_V5_bsp/\libhal_bsp.a(alt_dev.o)
                0x0c008fa4                alt_fs_list
                0x0c008fac                alt_dev_list
                0x0c008fb4                alt_max_fd
 .sdata         0x0c008fb8        0x4 ../ddr_layout_V5_bsp/\libhal_bsp.a(alt_errno.o)
                0x0c008fb8                alt_errno
 .sdata         0x0c008fbc        0x4 ../ddr_layout_V5_bsp/\libhal_bsp.a(alt_sbrk.o)
 .sdata         0x0c008fc0        0x8 ../ddr_layout_V5_bsp/\libhal_bsp.a(alt_flash_dev.o)
                0x0c008fc0                alt_flash_dev_list
 .sdata         0x0c008fc8        0x4 ../ddr_layout_V5_bsp/\libhal_bsp.a(alt_irq_vars.o)
                0x0c008fc8                alt_priority_mask
 .sdata         0x0c008fcc        0x8 ../ddr_layout_V5_bsp/\libhal_bsp.a(alt_tick.o)
                0x0c008fcc                alt_alarm_list
 *(.sdata2 .sdata2.* .gnu.linkonce.s2.*)
                0x0c008fd4                . = ALIGN (0x4)
                0x0c008fd4                _edata = ABSOLUTE (.)
                0x0c008fd4                PROVIDE (edata, ABSOLUTE (.))
                0x0c008fd4                PROVIDE (__ram_rwdata_end, ABSOLUTE (.))
                0x0c008fd4                PROVIDE (__flash_rwdata_start, LOADADDR (.rwdata))

.bss            0x0c00abb0      0x2e0
                0x0c00abb0                __bss_start = ABSOLUTE (.)
                0x0c00abb0                PROVIDE (__sbss_start, ABSOLUTE (.))
                0x0c00abb0                PROVIDE (___sbss_start, ABSOLUTE (.))
 *(.dynsbss)
 *(.sbss .sbss.* .gnu.linkonce.sb.*)
 .sbss          0x0c00abb0        0xc d:/altera/13.0/nios2eds/bin/gnu/h-i686-mingw32/bin/../lib/gcc/nios2-elf/4.1.2/../../../../nios2-elf/lib/mno-hw-mul\libc.a(lib_a-mallocr.o)
                0x0c00abb0                __malloc_top_pad
                0x0c00abb4                __malloc_max_sbrked_mem
                0x0c00abb8                __malloc_max_total_mem
 .sbss          0x0c00abbc        0x4 d:/altera/13.0/nios2eds/bin/gnu/h-i686-mingw32/bin/../lib/gcc/nios2-elf/4.1.2/../../../../nios2-elf/lib/mno-hw-mul\libc.a(lib_a-int_errno.o)
                0x0c00abbc                errno
 .sbss          0x0c00abc0        0xc ../ddr_layout_V5_bsp/\libhal_bsp.a(alt_main.o)
                0x0c00abc0                alt_argc
                0x0c00abc4                alt_argv
                0x0c00abc8                alt_envp
 .sbss          0x0c00abcc        0x4 ../ddr_layout_V5_bsp/\libhal_bsp.a(alt_irq_vars.o)
                0x0c00abcc                alt_irq_active
 .sbss          0x0c00abd0        0x8 ../ddr_layout_V5_bsp/\libhal_bsp.a(alt_tick.o)
                0x0c00abd0                _alt_tick_rate
                0x0c00abd4                _alt_nticks
 *(.sbss2 .sbss2.* .gnu.linkonce.sb2.*)
 *(.scommon)
                0x0c00abd8                PROVIDE (__sbss_end, ABSOLUTE (.))
                0x0c00abd8                PROVIDE (___sbss_end, ABSOLUTE (.))
 *(.dynbss)
 *(.bss .bss.* .gnu.linkonce.b.*)
 .bss           0x0c00abd8        0x0 ../ddr_layout_V5_bsp//obj/HAL/src/crt0.o
 .bss           0x0c00abd8        0x0 obj/default/hello_world.o
 .bss           0x0c00abd8        0x0 d:/altera/13.0/nios2eds/bin/gnu/h-i686-mingw32/bin/../lib/gcc/nios2-elf/4.1.2/../../../../nios2-elf/lib/mno-hw-mul\libc.a(lib_a-puts.o)
 .bss           0x0c00abd8        0x0 d:/altera/13.0/nios2eds/bin/gnu/h-i686-mingw32/bin/../lib/gcc/nios2-elf/4.1.2/../../../../nios2-elf/lib/mno-hw-mul\libc.a(lib_a-strlen.o)
 .bss           0x0c00abd8        0x0 d:/altera/13.0/nios2eds/bin/gnu/h-i686-mingw32/bin/../lib/gcc/nios2-elf/4.1.2/../../../../nios2-elf/lib/mno-hw-mul\libc.a(lib_a-fvwrite.o)
 .bss           0x0c00abd8        0x0 d:/altera/13.0/nios2eds/bin/gnu/h-i686-mingw32/bin/../lib/gcc/nios2-elf/4.1.2/../../../../nios2-elf/lib/mno-hw-mul\libc.a(lib_a-impure.o)
 .bss           0x0c00abd8       0x28 d:/altera/13.0/nios2eds/bin/gnu/h-i686-mingw32/bin/../lib/gcc/nios2-elf/4.1.2/../../../../nios2-elf/lib/mno-hw-mul\libc.a(lib_a-mallocr.o)
                0x0c00abd8                __malloc_current_mallinfo
 .bss           0x0c00ac00        0x0 d:/altera/13.0/nios2eds/bin/gnu/h-i686-mingw32/bin/../lib/gcc/nios2-elf/4.1.2/../../../../nios2-elf/lib/mno-hw-mul\libc.a(lib_a-memchr.o)
 .bss           0x0c00ac00        0x0 d:/altera/13.0/nios2eds/bin/gnu/h-i686-mingw32/bin/../lib/gcc/nios2-elf/4.1.2/../../../../nios2-elf/lib/mno-hw-mul\libc.a(lib_a-memcpy.o)
 .bss           0x0c00ac00        0x0 d:/altera/13.0/nios2eds/bin/gnu/h-i686-mingw32/bin/../lib/gcc/nios2-elf/4.1.2/../../../../nios2-elf/lib/mno-hw-mul\libc.a(lib_a-memmove.o)
 .bss           0x0c00ac00        0x0 d:/altera/13.0/nios2eds/bin/gnu/h-i686-mingw32/bin/../lib/gcc/nios2-elf/4.1.2/../../../../nios2-elf/lib/mno-hw-mul\libc.a(lib_a-reallocr.o)
 .bss           0x0c00ac00        0x0 d:/altera/13.0/nios2eds/bin/gnu/h-i686-mingw32/bin/../lib/gcc/nios2-elf/4.1.2/../../../../nios2-elf/lib/mno-hw-mul\libc.a(lib_a-sbrkr.o)
 .bss           0x0c00ac00        0x0 d:/altera/13.0/nios2eds/bin/gnu/h-i686-mingw32/bin/../lib/gcc/nios2-elf/4.1.2/../../../../nios2-elf/lib/mno-hw-mul\libc.a(lib_a-wsetup.o)
 .bss           0x0c00ac00        0x0 d:/altera/13.0/nios2eds/bin/gnu/h-i686-mingw32/bin/../lib/gcc/nios2-elf/4.1.2/../../../../nios2-elf/lib/mno-hw-mul\libc.a(lib_a-fflush.o)
 .bss           0x0c00ac00        0x0 d:/altera/13.0/nios2eds/bin/gnu/h-i686-mingw32/bin/../lib/gcc/nios2-elf/4.1.2/../../../../nios2-elf/lib/mno-hw-mul\libc.a(lib_a-findfp.o)
 .bss           0x0c00ac00        0x0 d:/altera/13.0/nios2eds/bin/gnu/h-i686-mingw32/bin/../lib/gcc/nios2-elf/4.1.2/../../../../nios2-elf/lib/mno-hw-mul\libc.a(lib_a-freer.o)
 .bss           0x0c00ac00        0x0 d:/altera/13.0/nios2eds/bin/gnu/h-i686-mingw32/bin/../lib/gcc/nios2-elf/4.1.2/../../../../nios2-elf/lib/mno-hw-mul\libc.a(lib_a-fwalk.o)
 .bss           0x0c00ac00        0x0 d:/altera/13.0/nios2eds/bin/gnu/h-i686-mingw32/bin/../lib/gcc/nios2-elf/4.1.2/../../../../nios2-elf/lib/mno-hw-mul\libc.a(lib_a-int_errno.o)
 .bss           0x0c00ac00        0x0 d:/altera/13.0/nios2eds/bin/gnu/h-i686-mingw32/bin/../lib/gcc/nios2-elf/4.1.2/../../../../nios2-elf/lib/mno-hw-mul\libc.a(lib_a-makebuf.o)
 .bss           0x0c00ac00        0x0 d:/altera/13.0/nios2eds/bin/gnu/h-i686-mingw32/bin/../lib/gcc/nios2-elf/4.1.2/../../../../nios2-elf/lib/mno-hw-mul\libc.a(lib_a-memset.o)
 .bss           0x0c00ac00        0x0 d:/altera/13.0/nios2eds/bin/gnu/h-i686-mingw32/bin/../lib/gcc/nios2-elf/4.1.2/../../../../nios2-elf/lib/mno-hw-mul\libc.a(lib_a-stdio.o)
 .bss           0x0c00ac00        0x0 d:/altera/13.0/nios2eds/bin/gnu/h-i686-mingw32/bin/../lib/gcc/nios2-elf/4.1.2/../../../../nios2-elf/lib/mno-hw-mul\libc.a(lib_a-writer.o)
 .bss           0x0c00ac00        0x0 d:/altera/13.0/nios2eds/bin/gnu/h-i686-mingw32/bin/../lib/gcc/nios2-elf/4.1.2/../../../../nios2-elf/lib/mno-hw-mul\libc.a(lib_a-closer.o)
 .bss           0x0c00ac00        0x0 d:/altera/13.0/nios2eds/bin/gnu/h-i686-mingw32/bin/../lib/gcc/nios2-elf/4.1.2/../../../../nios2-elf/lib/mno-hw-mul\libc.a(lib_a-fclose.o)
 .bss           0x0c00ac00        0x0 d:/altera/13.0/nios2eds/bin/gnu/h-i686-mingw32/bin/../lib/gcc/nios2-elf/4.1.2/../../../../nios2-elf/lib/mno-hw-mul\libc.a(lib_a-fstatr.o)
 .bss           0x0c00ac00        0x0 d:/altera/13.0/nios2eds/bin/gnu/h-i686-mingw32/bin/../lib/gcc/nios2-elf/4.1.2/../../../../nios2-elf/lib/mno-hw-mul\libc.a(lib_a-isattyr.o)
 .bss           0x0c00ac00        0x0 d:/altera/13.0/nios2eds/bin/gnu/h-i686-mingw32/bin/../lib/gcc/nios2-elf/4.1.2/../../../../nios2-elf/lib/mno-hw-mul\libc.a(lib_a-lseekr.o)
 .bss           0x0c00ac00        0x0 d:/altera/13.0/nios2eds/bin/gnu/h-i686-mingw32/bin/../lib/gcc/nios2-elf/4.1.2/../../../../nios2-elf/lib/mno-hw-mul\libc.a(lib_a-readr.o)
 .bss           0x0c00ac00        0x0 d:/altera/13.0/nios2eds/bin/gnu/h-i686-mingw32/bin/../lib/gcc/nios2-elf/4.1.2/mno-hw-mul\libgcc.a(lib2-mul.o)
 .bss           0x0c00ac00        0x0 ../ddr_layout_V5_bsp/\libhal_bsp.a(alt_close.o)
 .bss           0x0c00ac00        0x0 ../ddr_layout_V5_bsp/\libhal_bsp.a(alt_dev.o)
 .bss           0x0c00ac00        0x0 ../ddr_layout_V5_bsp/\libhal_bsp.a(alt_errno.o)
 .bss           0x0c00ac00        0x0 ../ddr_layout_V5_bsp/\libhal_bsp.a(alt_fstat.o)
 .bss           0x0c00ac00        0x0 ../ddr_layout_V5_bsp/\libhal_bsp.a(alt_isatty.o)
 .bss           0x0c00ac00        0x0 ../ddr_layout_V5_bsp/\libhal_bsp.a(alt_load.o)
 .bss           0x0c00ac00        0x0 ../ddr_layout_V5_bsp/\libhal_bsp.a(alt_lseek.o)
 .bss           0x0c00ac00        0x0 ../ddr_layout_V5_bsp/\libhal_bsp.a(alt_main.o)
 .bss           0x0c00ac00        0x0 ../ddr_layout_V5_bsp/\libhal_bsp.a(alt_malloc_lock.o)
 .bss           0x0c00ac00        0x0 ../ddr_layout_V5_bsp/\libhal_bsp.a(alt_read.o)
 .bss           0x0c00ac00        0x0 ../ddr_layout_V5_bsp/\libhal_bsp.a(alt_release_fd.o)
 .bss           0x0c00ac00        0x0 ../ddr_layout_V5_bsp/\libhal_bsp.a(alt_sbrk.o)
 .bss           0x0c00ac00        0x0 ../ddr_layout_V5_bsp/\libhal_bsp.a(alt_write.o)
 .bss           0x0c00ac00        0x0 ../ddr_layout_V5_bsp/\libhal_bsp.a(alt_sys_init.o)
 .bss           0x0c00ac00        0x0 ../ddr_layout_V5_bsp/\libhal_bsp.a(altera_avalon_epcs_flash_controller.o)
 .bss           0x0c00ac00        0x0 ../ddr_layout_V5_bsp/\libhal_bsp.a(altera_avalon_jtag_uart_fd.o)
 .bss           0x0c00ac00        0x0 ../ddr_layout_V5_bsp/\libhal_bsp.a(altera_avalon_jtag_uart_init.o)
 .bss           0x0c00ac00        0x0 ../ddr_layout_V5_bsp/\libhal_bsp.a(altera_avalon_jtag_uart_ioctl.o)
 .bss           0x0c00ac00        0x0 ../ddr_layout_V5_bsp/\libhal_bsp.a(altera_avalon_jtag_uart_read.o)
 .bss           0x0c00ac00        0x0 ../ddr_layout_V5_bsp/\libhal_bsp.a(altera_avalon_jtag_uart_write.o)
 .bss           0x0c00ac00        0x0 ../ddr_layout_V5_bsp/\libhal_bsp.a(altera_avalon_timer_sc.o)
 .bss           0x0c00ac00        0x0 ../ddr_layout_V5_bsp/\libhal_bsp.a(altera_avalon_uart_fd.o)
 .bss           0x0c00ac00        0x0 ../ddr_layout_V5_bsp/\libhal_bsp.a(altera_avalon_uart_init.o)
 .bss           0x0c00ac00        0x0 ../ddr_layout_V5_bsp/\libhal_bsp.a(altera_avalon_uart_read.o)
 .bss           0x0c00ac00        0x0 ../ddr_layout_V5_bsp/\libhal_bsp.a(altera_avalon_uart_write.o)
 .bss           0x0c00ac00        0x0 ../ddr_layout_V5_bsp/\libhal_bsp.a(epcs_commands.o)
 .bss           0x0c00ac00        0x0 ../ddr_layout_V5_bsp/\libhal_bsp.a(alt_alarm_start.o)
 .bss           0x0c00ac00        0x0 ../ddr_layout_V5_bsp/\libhal_bsp.a(alt_dcache_flush_all.o)
 .bss           0x0c00ac00        0x0 ../ddr_layout_V5_bsp/\libhal_bsp.a(alt_dev_llist_insert.o)
 .bss           0x0c00ac00        0x0 ../ddr_layout_V5_bsp/\libhal_bsp.a(alt_do_ctors.o)
 .bss           0x0c00ac00        0x0 ../ddr_layout_V5_bsp/\libhal_bsp.a(alt_do_dtors.o)
 .bss           0x0c00ac00        0x0 ../ddr_layout_V5_bsp/\libhal_bsp.a(alt_flash_dev.o)
 .bss           0x0c00ac00        0x0 ../ddr_layout_V5_bsp/\libhal_bsp.a(alt_icache_flush_all.o)
 .bss           0x0c00ac00        0x0 ../ddr_layout_V5_bsp/\libhal_bsp.a(alt_iic.o)
 .bss           0x0c00ac00        0x0 ../ddr_layout_V5_bsp/\libhal_bsp.a(alt_iic_isr_register.o)
 .bss           0x0c00ac00        0x0 ../ddr_layout_V5_bsp/\libhal_bsp.a(alt_io_redirect.o)
 .bss           0x0c00ac00        0x0 ../ddr_layout_V5_bsp/\libhal_bsp.a(alt_irq_entry.o)
 .bss           0x0c00ac00        0x0 ../ddr_layout_V5_bsp/\libhal_bsp.a(alt_irq_handler.o)
 .bss           0x0c00ac00        0x0 ../ddr_layout_V5_bsp/\libhal_bsp.a(alt_irq_vars.o)
 .bss           0x0c00ac00        0x0 ../ddr_layout_V5_bsp/\libhal_bsp.a(alt_open.o)
 .bss           0x0c00ac00        0x0 ../ddr_layout_V5_bsp/\libhal_bsp.a(alt_tick.o)
 .bss           0x0c00ac00        0x0 ../ddr_layout_V5_bsp/\libhal_bsp.a(altera_nios2_qsys_irq.o)
 .bss           0x0c00ac00        0x0 ../ddr_layout_V5_bsp/\libhal_bsp.a(altera_avalon_spi.o)
 .bss           0x0c00ac00        0x0 ../ddr_layout_V5_bsp/\libhal_bsp.a(alt_exception_entry.o)
 .bss           0x0c00ac00        0x0 ../ddr_layout_V5_bsp/\libhal_bsp.a(alt_find_dev.o)
 .bss           0x0c00ac00        0x0 ../ddr_layout_V5_bsp/\libhal_bsp.a(alt_find_file.o)
 .bss           0x0c00ac00        0x0 ../ddr_layout_V5_bsp/\libhal_bsp.a(alt_get_fd.o)
 .bss           0x0c00ac00        0x0 d:/altera/13.0/nios2eds/bin/gnu/h-i686-mingw32/bin/../lib/gcc/nios2-elf/4.1.2/../../../../nios2-elf/lib/mno-hw-mul\libc.a(lib_a-atexit.o)
 .bss           0x0c00ac00        0x0 d:/altera/13.0/nios2eds/bin/gnu/h-i686-mingw32/bin/../lib/gcc/nios2-elf/4.1.2/../../../../nios2-elf/lib/mno-hw-mul\libc.a(lib_a-exit.o)
 .bss           0x0c00ac00        0x0 d:/altera/13.0/nios2eds/bin/gnu/h-i686-mingw32/bin/../lib/gcc/nios2-elf/4.1.2/../../../../nios2-elf/lib/mno-hw-mul\libc.a(lib_a-memcmp.o)
 .bss           0x0c00ac00        0x0 d:/altera/13.0/nios2eds/bin/gnu/h-i686-mingw32/bin/../lib/gcc/nios2-elf/4.1.2/../../../../nios2-elf/lib/mno-hw-mul\libc.a(lib_a-__atexit.o)
 .bss           0x0c00ac00        0x0 d:/altera/13.0/nios2eds/bin/gnu/h-i686-mingw32/bin/../lib/gcc/nios2-elf/4.1.2/../../../../nios2-elf/lib/mno-hw-mul\libc.a(lib_a-__call_atexit.o)
 .bss           0x0c00ac00        0x0 ../ddr_layout_V5_bsp/\libhal_bsp.a(alt_exit.o)
 *(COMMON)
 COMMON         0x0c00ac00      0x100 ../ddr_layout_V5_bsp/\libhal_bsp.a(alt_irq_handler.o)
                0x0c00ac00                alt_irq
 COMMON         0x0c00ad00      0x190 d:/altera/13.0/nios2eds/bin/gnu/h-i686-mingw32/bin/../lib/gcc/nios2-elf/4.1.2/../../../../nios2-elf/lib/mno-hw-mul\libc.a(lib_a-atexit.o)
                0x0c00ad00                _atexit0
                0x0c00ae90                . = ALIGN (0x4)
                0x0c00ae90                __bss_end = ABSOLUTE (.)

.ddr2           0x0c00ae90        0x0
                0x0c00ae90                PROVIDE (_alt_partition_ddr2_start, ABSOLUTE (.))
 *(.ddr2. ddr2.*)
                0x0c00ae90                . = ALIGN (0x4)
                0x0c00ae90                PROVIDE (_alt_partition_ddr2_end, ABSOLUTE (.))
                0x0c00ae90                _end = ABSOLUTE (.)
                0x0c00ae90                end = ABSOLUTE (.)
                0x0c00ae90                __alt_stack_base = ABSOLUTE (.)
                0x0c00ae90                PROVIDE (_alt_partition_ddr2_load_addr, LOADADDR (.ddr2))

.onchip_ram     0x11001000        0x0 load address 0x0c00ae90
                0x11001000                PROVIDE (_alt_partition_onchip_ram_start, ABSOLUTE (.))
 *(.onchip_ram. onchip_ram.*)
                0x11001000                . = ALIGN (0x4)
                0x11001000                PROVIDE (_alt_partition_onchip_ram_end, ABSOLUTE (.))
                0x0c00ae90                PROVIDE (_alt_partition_onchip_ram_load_addr, LOADADDR (.onchip_ram))

.epcs_flash_controller_0
                0x11003000        0x0 load address 0x0c00ae90
                0x11003000                PROVIDE (_alt_partition_epcs_flash_controller_0_start, ABSOLUTE (.))
 *(.epcs_flash_controller_0. epcs_flash_controller_0.*)
                0x11003000                . = ALIGN (0x4)
                0x11003000                PROVIDE (_alt_partition_epcs_flash_controller_0_end, ABSOLUTE (.))
                0x0c00ae90                PROVIDE (_alt_partition_epcs_flash_controller_0_load_addr, LOADADDR (.epcs_flash_controller_0))

.stab
 *(.stab)

.stabstr
 *(.stabstr)

.stab.excl
 *(.stab.excl)

.stab.exclstr
 *(.stab.exclstr)

.stab.index
 *(.stab.index)

.stab.indexstr
 *(.stab.indexstr)

.comment        0x00000000       0x23
 *(.comment)
 .comment       0x00000000       0x23 obj/default/hello_world.o
                                 0x24 (size before relaxing)
 .comment       0x00000000       0x24 d:/altera/13.0/nios2eds/bin/gnu/h-i686-mingw32/bin/../lib/gcc/nios2-elf/4.1.2/../../../../nios2-elf/lib/mno-hw-mul\libc.a(lib_a-puts.o)
 .comment       0x00000000       0x24 d:/altera/13.0/nios2eds/bin/gnu/h-i686-mingw32/bin/../lib/gcc/nios2-elf/4.1.2/../../../../nios2-elf/lib/mno-hw-mul\libc.a(lib_a-strlen.o)
 .comment       0x00000000       0x24 d:/altera/13.0/nios2eds/bin/gnu/h-i686-mingw32/bin/../lib/gcc/nios2-elf/4.1.2/../../../../nios2-elf/lib/mno-hw-mul\libc.a(lib_a-fvwrite.o)
 .comment       0x00000000       0x24 d:/altera/13.0/nios2eds/bin/gnu/h-i686-mingw32/bin/../lib/gcc/nios2-elf/4.1.2/../../../../nios2-elf/lib/mno-hw-mul\libc.a(lib_a-impure.o)
 .comment       0x00000000       0x24 d:/altera/13.0/nios2eds/bin/gnu/h-i686-mingw32/bin/../lib/gcc/nios2-elf/4.1.2/../../../../nios2-elf/lib/mno-hw-mul\libc.a(lib_a-mallocr.o)
 .comment       0x00000000       0x24 d:/altera/13.0/nios2eds/bin/gnu/h-i686-mingw32/bin/../lib/gcc/nios2-elf/4.1.2/../../../../nios2-elf/lib/mno-hw-mul\libc.a(lib_a-memchr.o)
 .comment       0x00000000       0x24 d:/altera/13.0/nios2eds/bin/gnu/h-i686-mingw32/bin/../lib/gcc/nios2-elf/4.1.2/../../../../nios2-elf/lib/mno-hw-mul\libc.a(lib_a-memcpy.o)
 .comment       0x00000000       0x24 d:/altera/13.0/nios2eds/bin/gnu/h-i686-mingw32/bin/../lib/gcc/nios2-elf/4.1.2/../../../../nios2-elf/lib/mno-hw-mul\libc.a(lib_a-memmove.o)
 .comment       0x00000000       0x24 d:/altera/13.0/nios2eds/bin/gnu/h-i686-mingw32/bin/../lib/gcc/nios2-elf/4.1.2/../../../../nios2-elf/lib/mno-hw-mul\libc.a(lib_a-reallocr.o)
 .comment       0x00000000       0x24 d:/altera/13.0/nios2eds/bin/gnu/h-i686-mingw32/bin/../lib/gcc/nios2-elf/4.1.2/../../../../nios2-elf/lib/mno-hw-mul\libc.a(lib_a-sbrkr.o)
 .comment       0x00000000       0x24 d:/altera/13.0/nios2eds/bin/gnu/h-i686-mingw32/bin/../lib/gcc/nios2-elf/4.1.2/../../../../nios2-elf/lib/mno-hw-mul\libc.a(lib_a-wsetup.o)
 .comment       0x00000000       0x24 d:/altera/13.0/nios2eds/bin/gnu/h-i686-mingw32/bin/../lib/gcc/nios2-elf/4.1.2/../../../../nios2-elf/lib/mno-hw-mul\libc.a(lib_a-fflush.o)
 .comment       0x00000000       0x24 d:/altera/13.0/nios2eds/bin/gnu/h-i686-mingw32/bin/../lib/gcc/nios2-elf/4.1.2/../../../../nios2-elf/lib/mno-hw-mul\libc.a(lib_a-findfp.o)
 .comment       0x00000000       0x24 d:/altera/13.0/nios2eds/bin/gnu/h-i686-mingw32/bin/../lib/gcc/nios2-elf/4.1.2/../../../../nios2-elf/lib/mno-hw-mul\libc.a(lib_a-freer.o)
 .comment       0x00000000       0x24 d:/altera/13.0/nios2eds/bin/gnu/h-i686-mingw32/bin/../lib/gcc/nios2-elf/4.1.2/../../../../nios2-elf/lib/mno-hw-mul\libc.a(lib_a-fwalk.o)
 .comment       0x00000000       0x24 d:/altera/13.0/nios2eds/bin/gnu/h-i686-mingw32/bin/../lib/gcc/nios2-elf/4.1.2/../../../../nios2-elf/lib/mno-hw-mul\libc.a(lib_a-int_errno.o)
 .comment       0x00000000       0x24 d:/altera/13.0/nios2eds/bin/gnu/h-i686-mingw32/bin/../lib/gcc/nios2-elf/4.1.2/../../../../nios2-elf/lib/mno-hw-mul\libc.a(lib_a-makebuf.o)
 .comment       0x00000000       0x24 d:/altera/13.0/nios2eds/bin/gnu/h-i686-mingw32/bin/../lib/gcc/nios2-elf/4.1.2/../../../../nios2-elf/lib/mno-hw-mul\libc.a(lib_a-memset.o)
 .comment       0x00000000       0x24 d:/altera/13.0/nios2eds/bin/gnu/h-i686-mingw32/bin/../lib/gcc/nios2-elf/4.1.2/../../../../nios2-elf/lib/mno-hw-mul\libc.a(lib_a-stdio.o)
 .comment       0x00000000       0x24 d:/altera/13.0/nios2eds/bin/gnu/h-i686-mingw32/bin/../lib/gcc/nios2-elf/4.1.2/../../../../nios2-elf/lib/mno-hw-mul\libc.a(lib_a-writer.o)
 .comment       0x00000000       0x24 d:/altera/13.0/nios2eds/bin/gnu/h-i686-mingw32/bin/../lib/gcc/nios2-elf/4.1.2/../../../../nios2-elf/lib/mno-hw-mul\libc.a(lib_a-closer.o)
 .comment       0x00000000       0x24 d:/altera/13.0/nios2eds/bin/gnu/h-i686-mingw32/bin/../lib/gcc/nios2-elf/4.1.2/../../../../nios2-elf/lib/mno-hw-mul\libc.a(lib_a-fclose.o)
 .comment       0x00000000       0x24 d:/altera/13.0/nios2eds/bin/gnu/h-i686-mingw32/bin/../lib/gcc/nios2-elf/4.1.2/../../../../nios2-elf/lib/mno-hw-mul\libc.a(lib_a-fstatr.o)
 .comment       0x00000000       0x24 d:/altera/13.0/nios2eds/bin/gnu/h-i686-mingw32/bin/../lib/gcc/nios2-elf/4.1.2/../../../../nios2-elf/lib/mno-hw-mul\libc.a(lib_a-isattyr.o)
 .comment       0x00000000       0x24 d:/altera/13.0/nios2eds/bin/gnu/h-i686-mingw32/bin/../lib/gcc/nios2-elf/4.1.2/../../../../nios2-elf/lib/mno-hw-mul\libc.a(lib_a-lseekr.o)
 .comment       0x00000000       0x24 d:/altera/13.0/nios2eds/bin/gnu/h-i686-mingw32/bin/../lib/gcc/nios2-elf/4.1.2/../../../../nios2-elf/lib/mno-hw-mul\libc.a(lib_a-readr.o)
 .comment       0x00000000       0x24 d:/altera/13.0/nios2eds/bin/gnu/h-i686-mingw32/bin/../lib/gcc/nios2-elf/4.1.2/mno-hw-mul\libgcc.a(lib2-mul.o)
 .comment       0x00000000       0x24 ../ddr_layout_V5_bsp/\libhal_bsp.a(alt_close.o)
 .comment       0x00000000       0x24 ../ddr_layout_V5_bsp/\libhal_bsp.a(alt_dev.o)
 .comment       0x00000000       0x24 ../ddr_layout_V5_bsp/\libhal_bsp.a(alt_errno.o)
 .comment       0x00000000       0x24 ../ddr_layout_V5_bsp/\libhal_bsp.a(alt_fstat.o)
 .comment       0x00000000       0x24 ../ddr_layout_V5_bsp/\libhal_bsp.a(alt_isatty.o)
 .comment       0x00000000       0x24 ../ddr_layout_V5_bsp/\libhal_bsp.a(alt_load.o)
 .comment       0x00000000       0x24 ../ddr_layout_V5_bsp/\libhal_bsp.a(alt_lseek.o)
 .comment       0x00000000       0x24 ../ddr_layout_V5_bsp/\libhal_bsp.a(alt_main.o)
 .comment       0x00000000       0x24 ../ddr_layout_V5_bsp/\libhal_bsp.a(alt_malloc_lock.o)
 .comment       0x00000000       0x24 ../ddr_layout_V5_bsp/\libhal_bsp.a(alt_read.o)
 .comment       0x00000000       0x24 ../ddr_layout_V5_bsp/\libhal_bsp.a(alt_release_fd.o)
 .comment       0x00000000       0x24 ../ddr_layout_V5_bsp/\libhal_bsp.a(alt_sbrk.o)
 .comment       0x00000000       0x24 ../ddr_layout_V5_bsp/\libhal_bsp.a(alt_write.o)
 .comment       0x00000000       0x24 ../ddr_layout_V5_bsp/\libhal_bsp.a(alt_sys_init.o)
 .comment       0x00000000       0x24 ../ddr_layout_V5_bsp/\libhal_bsp.a(altera_avalon_epcs_flash_controller.o)
 .comment       0x00000000       0x24 ../ddr_layout_V5_bsp/\libhal_bsp.a(altera_avalon_jtag_uart_fd.o)
 .comment       0x00000000       0x24 ../ddr_layout_V5_bsp/\libhal_bsp.a(altera_avalon_jtag_uart_init.o)
 .comment       0x00000000       0x24 ../ddr_layout_V5_bsp/\libhal_bsp.a(altera_avalon_jtag_uart_ioctl.o)
 .comment       0x00000000       0x24 ../ddr_layout_V5_bsp/\libhal_bsp.a(altera_avalon_jtag_uart_read.o)
 .comment       0x00000000       0x24 ../ddr_layout_V5_bsp/\libhal_bsp.a(altera_avalon_jtag_uart_write.o)
 .comment       0x00000000       0x24 ../ddr_layout_V5_bsp/\libhal_bsp.a(altera_avalon_timer_sc.o)
 .comment       0x00000000       0x24 ../ddr_layout_V5_bsp/\libhal_bsp.a(altera_avalon_uart_fd.o)
 .comment       0x00000000       0x24 ../ddr_layout_V5_bsp/\libhal_bsp.a(altera_avalon_uart_init.o)
 .comment       0x00000000       0x24 ../ddr_layout_V5_bsp/\libhal_bsp.a(altera_avalon_uart_read.o)
 .comment       0x00000000       0x24 ../ddr_layout_V5_bsp/\libhal_bsp.a(altera_avalon_uart_write.o)
 .comment       0x00000000       0x24 ../ddr_layout_V5_bsp/\libhal_bsp.a(epcs_commands.o)
 .comment       0x00000000       0x24 ../ddr_layout_V5_bsp/\libhal_bsp.a(alt_alarm_start.o)
 .comment       0x00000000       0x24 ../ddr_layout_V5_bsp/\libhal_bsp.a(alt_dcache_flush_all.o)
 .comment       0x00000000       0x24 ../ddr_layout_V5_bsp/\libhal_bsp.a(alt_dev_llist_insert.o)
 .comment       0x00000000       0x24 ../ddr_layout_V5_bsp/\libhal_bsp.a(alt_do_ctors.o)
 .comment       0x00000000       0x24 ../ddr_layout_V5_bsp/\libhal_bsp.a(alt_do_dtors.o)
 .comment       0x00000000       0x24 ../ddr_layout_V5_bsp/\libhal_bsp.a(alt_flash_dev.o)
 .comment       0x00000000       0x24 ../ddr_layout_V5_bsp/\libhal_bsp.a(alt_icache_flush_all.o)
 .comment       0x00000000       0x24 ../ddr_layout_V5_bsp/\libhal_bsp.a(alt_iic.o)
 .comment       0x00000000       0x24 ../ddr_layout_V5_bsp/\libhal_bsp.a(alt_iic_isr_register.o)
 .comment       0x00000000       0x24 ../ddr_layout_V5_bsp/\libhal_bsp.a(alt_io_redirect.o)
 .comment       0x00000000       0x24 ../ddr_layout_V5_bsp/\libhal_bsp.a(alt_irq_handler.o)
 .comment       0x00000000       0x24 ../ddr_layout_V5_bsp/\libhal_bsp.a(alt_irq_vars.o)
 .comment       0x00000000       0x24 ../ddr_layout_V5_bsp/\libhal_bsp.a(alt_open.o)
 .comment       0x00000000       0x24 ../ddr_layout_V5_bsp/\libhal_bsp.a(alt_tick.o)
 .comment       0x00000000       0x24 ../ddr_layout_V5_bsp/\libhal_bsp.a(altera_nios2_qsys_irq.o)
 .comment       0x00000000       0x24 ../ddr_layout_V5_bsp/\libhal_bsp.a(altera_avalon_spi.o)
 .comment       0x00000000       0x24 ../ddr_layout_V5_bsp/\libhal_bsp.a(alt_find_dev.o)
 .comment       0x00000000       0x24 ../ddr_layout_V5_bsp/\libhal_bsp.a(alt_find_file.o)
 .comment       0x00000000       0x24 ../ddr_layout_V5_bsp/\libhal_bsp.a(alt_get_fd.o)
 .comment       0x00000000       0x24 d:/altera/13.0/nios2eds/bin/gnu/h-i686-mingw32/bin/../lib/gcc/nios2-elf/4.1.2/../../../../nios2-elf/lib/mno-hw-mul\libc.a(lib_a-atexit.o)
 .comment       0x00000000       0x24 d:/altera/13.0/nios2eds/bin/gnu/h-i686-mingw32/bin/../lib/gcc/nios2-elf/4.1.2/../../../../nios2-elf/lib/mno-hw-mul\libc.a(lib_a-exit.o)
 .comment       0x00000000       0x24 d:/altera/13.0/nios2eds/bin/gnu/h-i686-mingw32/bin/../lib/gcc/nios2-elf/4.1.2/../../../../nios2-elf/lib/mno-hw-mul\libc.a(lib_a-memcmp.o)
 .comment       0x00000000       0x24 d:/altera/13.0/nios2eds/bin/gnu/h-i686-mingw32/bin/../lib/gcc/nios2-elf/4.1.2/../../../../nios2-elf/lib/mno-hw-mul\libc.a(lib_a-__atexit.o)
 .comment       0x00000000       0x24 d:/altera/13.0/nios2eds/bin/gnu/h-i686-mingw32/bin/../lib/gcc/nios2-elf/4.1.2/../../../../nios2-elf/lib/mno-hw-mul\libc.a(lib_a-__call_atexit.o)
 .comment       0x00000000       0x24 ../ddr_layout_V5_bsp/\libhal_bsp.a(alt_exit.o)

.debug
 *(.debug)

.line
 *(.line)

.debug_srcinfo
 *(.debug_srcinfo)

.debug_sfnames
 *(.debug_sfnames)

.debug_aranges  0x00000000      0x9f8
 *(.debug_aranges)
 .debug_aranges
                0x00000000       0x28 ../ddr_layout_V5_bsp//obj/HAL/src/crt0.o
 .debug_aranges
                0x00000028       0x20 obj/default/hello_world.o
 .debug_aranges
                0x00000048       0x20 d:/altera/13.0/nios2eds/bin/gnu/h-i686-mingw32/bin/../lib/gcc/nios2-elf/4.1.2/../../../../nios2-elf/lib/mno-hw-mul\libc.a(lib_a-puts.o)
 .debug_aranges
                0x00000068       0x20 d:/altera/13.0/nios2eds/bin/gnu/h-i686-mingw32/bin/../lib/gcc/nios2-elf/4.1.2/../../../../nios2-elf/lib/mno-hw-mul\libc.a(lib_a-strlen.o)
 .debug_aranges
                0x00000088       0x20 d:/altera/13.0/nios2eds/bin/gnu/h-i686-mingw32/bin/../lib/gcc/nios2-elf/4.1.2/../../../../nios2-elf/lib/mno-hw-mul\libc.a(lib_a-fvwrite.o)
 .debug_aranges
                0x000000a8       0x20 d:/altera/13.0/nios2eds/bin/gnu/h-i686-mingw32/bin/../lib/gcc/nios2-elf/4.1.2/../../../../nios2-elf/lib/mno-hw-mul\libc.a(lib_a-mallocr.o)
 .debug_aranges
                0x000000c8       0x20 d:/altera/13.0/nios2eds/bin/gnu/h-i686-mingw32/bin/../lib/gcc/nios2-elf/4.1.2/../../../../nios2-elf/lib/mno-hw-mul\libc.a(lib_a-memchr.o)
 .debug_aranges
                0x000000e8       0x20 d:/altera/13.0/nios2eds/bin/gnu/h-i686-mingw32/bin/../lib/gcc/nios2-elf/4.1.2/../../../../nios2-elf/lib/mno-hw-mul\libc.a(lib_a-memcpy.o)
 .debug_aranges
                0x00000108       0x20 d:/altera/13.0/nios2eds/bin/gnu/h-i686-mingw32/bin/../lib/gcc/nios2-elf/4.1.2/../../../../nios2-elf/lib/mno-hw-mul\libc.a(lib_a-memmove.o)
 .debug_aranges
                0x00000128       0x20 d:/altera/13.0/nios2eds/bin/gnu/h-i686-mingw32/bin/../lib/gcc/nios2-elf/4.1.2/../../../../nios2-elf/lib/mno-hw-mul\libc.a(lib_a-reallocr.o)
 .debug_aranges
                0x00000148       0x20 d:/altera/13.0/nios2eds/bin/gnu/h-i686-mingw32/bin/../lib/gcc/nios2-elf/4.1.2/../../../../nios2-elf/lib/mno-hw-mul\libc.a(lib_a-sbrkr.o)
 .debug_aranges
                0x00000168       0x20 d:/altera/13.0/nios2eds/bin/gnu/h-i686-mingw32/bin/../lib/gcc/nios2-elf/4.1.2/../../../../nios2-elf/lib/mno-hw-mul\libc.a(lib_a-wsetup.o)
 .debug_aranges
                0x00000188       0x20 d:/altera/13.0/nios2eds/bin/gnu/h-i686-mingw32/bin/../lib/gcc/nios2-elf/4.1.2/../../../../nios2-elf/lib/mno-hw-mul\libc.a(lib_a-fflush.o)
 .debug_aranges
                0x000001a8       0x20 d:/altera/13.0/nios2eds/bin/gnu/h-i686-mingw32/bin/../lib/gcc/nios2-elf/4.1.2/../../../../nios2-elf/lib/mno-hw-mul\libc.a(lib_a-findfp.o)
 .debug_aranges
                0x000001c8       0x20 d:/altera/13.0/nios2eds/bin/gnu/h-i686-mingw32/bin/../lib/gcc/nios2-elf/4.1.2/../../../../nios2-elf/lib/mno-hw-mul\libc.a(lib_a-freer.o)
 .debug_aranges
                0x000001e8       0x20 d:/altera/13.0/nios2eds/bin/gnu/h-i686-mingw32/bin/../lib/gcc/nios2-elf/4.1.2/../../../../nios2-elf/lib/mno-hw-mul\libc.a(lib_a-fwalk.o)
 .debug_aranges
                0x00000208       0x20 d:/altera/13.0/nios2eds/bin/gnu/h-i686-mingw32/bin/../lib/gcc/nios2-elf/4.1.2/../../../../nios2-elf/lib/mno-hw-mul\libc.a(lib_a-makebuf.o)
 .debug_aranges
                0x00000228       0x20 d:/altera/13.0/nios2eds/bin/gnu/h-i686-mingw32/bin/../lib/gcc/nios2-elf/4.1.2/../../../../nios2-elf/lib/mno-hw-mul\libc.a(lib_a-memset.o)
 .debug_aranges
                0x00000248       0x20 d:/altera/13.0/nios2eds/bin/gnu/h-i686-mingw32/bin/../lib/gcc/nios2-elf/4.1.2/../../../../nios2-elf/lib/mno-hw-mul\libc.a(lib_a-stdio.o)
 .debug_aranges
                0x00000268       0x20 d:/altera/13.0/nios2eds/bin/gnu/h-i686-mingw32/bin/../lib/gcc/nios2-elf/4.1.2/../../../../nios2-elf/lib/mno-hw-mul\libc.a(lib_a-writer.o)
 .debug_aranges
                0x00000288       0x20 d:/altera/13.0/nios2eds/bin/gnu/h-i686-mingw32/bin/../lib/gcc/nios2-elf/4.1.2/../../../../nios2-elf/lib/mno-hw-mul\libc.a(lib_a-closer.o)
 .debug_aranges
                0x000002a8       0x20 d:/altera/13.0/nios2eds/bin/gnu/h-i686-mingw32/bin/../lib/gcc/nios2-elf/4.1.2/../../../../nios2-elf/lib/mno-hw-mul\libc.a(lib_a-fclose.o)
 .debug_aranges
                0x000002c8       0x20 d:/altera/13.0/nios2eds/bin/gnu/h-i686-mingw32/bin/../lib/gcc/nios2-elf/4.1.2/../../../../nios2-elf/lib/mno-hw-mul\libc.a(lib_a-fstatr.o)
 .debug_aranges
                0x000002e8       0x20 d:/altera/13.0/nios2eds/bin/gnu/h-i686-mingw32/bin/../lib/gcc/nios2-elf/4.1.2/../../../../nios2-elf/lib/mno-hw-mul\libc.a(lib_a-isattyr.o)
 .debug_aranges
                0x00000308       0x20 d:/altera/13.0/nios2eds/bin/gnu/h-i686-mingw32/bin/../lib/gcc/nios2-elf/4.1.2/../../../../nios2-elf/lib/mno-hw-mul\libc.a(lib_a-lseekr.o)
 .debug_aranges
                0x00000328       0x20 d:/altera/13.0/nios2eds/bin/gnu/h-i686-mingw32/bin/../lib/gcc/nios2-elf/4.1.2/../../../../nios2-elf/lib/mno-hw-mul\libc.a(lib_a-readr.o)
 .debug_aranges
                0x00000348       0x20 d:/altera/13.0/nios2eds/bin/gnu/h-i686-mingw32/bin/../lib/gcc/nios2-elf/4.1.2/mno-hw-mul\libgcc.a(lib2-mul.o)
 .debug_aranges
                0x00000368       0x20 ../ddr_layout_V5_bsp/\libhal_bsp.a(alt_close.o)
 .debug_aranges
                0x00000388       0x20 ../ddr_layout_V5_bsp/\libhal_bsp.a(alt_dev.o)
 .debug_aranges
                0x000003a8       0x20 ../ddr_layout_V5_bsp/\libhal_bsp.a(alt_fstat.o)
 .debug_aranges
                0x000003c8       0x20 ../ddr_layout_V5_bsp/\libhal_bsp.a(alt_isatty.o)
 .debug_aranges
                0x000003e8       0x20 ../ddr_layout_V5_bsp/\libhal_bsp.a(alt_load.o)
 .debug_aranges
                0x00000408       0x20 ../ddr_layout_V5_bsp/\libhal_bsp.a(alt_lseek.o)
 .debug_aranges
                0x00000428       0x20 ../ddr_layout_V5_bsp/\libhal_bsp.a(alt_main.o)
 .debug_aranges
                0x00000448       0x20 ../ddr_layout_V5_bsp/\libhal_bsp.a(alt_malloc_lock.o)
 .debug_aranges
                0x00000468       0x20 ../ddr_layout_V5_bsp/\libhal_bsp.a(alt_read.o)
 .debug_aranges
                0x00000488       0x20 ../ddr_layout_V5_bsp/\libhal_bsp.a(alt_release_fd.o)
 .debug_aranges
                0x000004a8       0x20 ../ddr_layout_V5_bsp/\libhal_bsp.a(alt_sbrk.o)
 .debug_aranges
                0x000004c8       0x20 ../ddr_layout_V5_bsp/\libhal_bsp.a(alt_write.o)
 .debug_aranges
                0x000004e8       0x20 ../ddr_layout_V5_bsp/\libhal_bsp.a(alt_sys_init.o)
 .debug_aranges
                0x00000508       0x20 ../ddr_layout_V5_bsp/\libhal_bsp.a(altera_avalon_epcs_flash_controller.o)
 .debug_aranges
                0x00000528       0x20 ../ddr_layout_V5_bsp/\libhal_bsp.a(altera_avalon_jtag_uart_fd.o)
 .debug_aranges
                0x00000548       0x20 ../ddr_layout_V5_bsp/\libhal_bsp.a(altera_avalon_jtag_uart_init.o)
 .debug_aranges
                0x00000568       0x20 ../ddr_layout_V5_bsp/\libhal_bsp.a(altera_avalon_jtag_uart_ioctl.o)
 .debug_aranges
                0x00000588       0x20 ../ddr_layout_V5_bsp/\libhal_bsp.a(altera_avalon_jtag_uart_read.o)
 .debug_aranges
                0x000005a8       0x20 ../ddr_layout_V5_bsp/\libhal_bsp.a(altera_avalon_jtag_uart_write.o)
 .debug_aranges
                0x000005c8       0x20 ../ddr_layout_V5_bsp/\libhal_bsp.a(altera_avalon_timer_sc.o)
 .debug_aranges
                0x000005e8       0x20 ../ddr_layout_V5_bsp/\libhal_bsp.a(altera_avalon_uart_fd.o)
 .debug_aranges
                0x00000608       0x20 ../ddr_layout_V5_bsp/\libhal_bsp.a(altera_avalon_uart_init.o)
 .debug_aranges
                0x00000628       0x20 ../ddr_layout_V5_bsp/\libhal_bsp.a(altera_avalon_uart_read.o)
 .debug_aranges
                0x00000648       0x20 ../ddr_layout_V5_bsp/\libhal_bsp.a(altera_avalon_uart_write.o)
 .debug_aranges
                0x00000668       0x20 ../ddr_layout_V5_bsp/\libhal_bsp.a(epcs_commands.o)
 .debug_aranges
                0x00000688       0x20 ../ddr_layout_V5_bsp/\libhal_bsp.a(alt_alarm_start.o)
 .debug_aranges
                0x000006a8       0x20 ../ddr_layout_V5_bsp/\libhal_bsp.a(alt_dcache_flush_all.o)
 .debug_aranges
                0x000006c8       0x20 ../ddr_layout_V5_bsp/\libhal_bsp.a(alt_dev_llist_insert.o)
 .debug_aranges
                0x000006e8       0x20 ../ddr_layout_V5_bsp/\libhal_bsp.a(alt_do_ctors.o)
 .debug_aranges
                0x00000708       0x20 ../ddr_layout_V5_bsp/\libhal_bsp.a(alt_do_dtors.o)
 .debug_aranges
                0x00000728       0x20 ../ddr_layout_V5_bsp/\libhal_bsp.a(alt_flash_dev.o)
 .debug_aranges
                0x00000748       0x20 ../ddr_layout_V5_bsp/\libhal_bsp.a(alt_icache_flush_all.o)
 .debug_aranges
                0x00000768       0x20 ../ddr_layout_V5_bsp/\libhal_bsp.a(alt_iic.o)
 .debug_aranges
                0x00000788       0x20 ../ddr_layout_V5_bsp/\libhal_bsp.a(alt_iic_isr_register.o)
 .debug_aranges
                0x000007a8       0x20 ../ddr_layout_V5_bsp/\libhal_bsp.a(alt_io_redirect.o)
 .debug_aranges
                0x000007c8       0x30 ../ddr_layout_V5_bsp/\libhal_bsp.a(alt_irq_entry.o)
 .debug_aranges
                0x000007f8       0x28 ../ddr_layout_V5_bsp/\libhal_bsp.a(alt_irq_handler.o)
 .debug_aranges
                0x00000820       0x20 ../ddr_layout_V5_bsp/\libhal_bsp.a(alt_open.o)
 .debug_aranges
                0x00000840       0x20 ../ddr_layout_V5_bsp/\libhal_bsp.a(alt_tick.o)
 .debug_aranges
                0x00000860       0x20 ../ddr_layout_V5_bsp/\libhal_bsp.a(altera_nios2_qsys_irq.o)
 .debug_aranges
                0x00000880       0x20 ../ddr_layout_V5_bsp/\libhal_bsp.a(altera_avalon_spi.o)
 .debug_aranges
                0x000008a0       0x38 ../ddr_layout_V5_bsp/\libhal_bsp.a(alt_exception_entry.o)
 .debug_aranges
                0x000008d8       0x20 ../ddr_layout_V5_bsp/\libhal_bsp.a(alt_find_dev.o)
 .debug_aranges
                0x000008f8       0x20 ../ddr_layout_V5_bsp/\libhal_bsp.a(alt_find_file.o)
 .debug_aranges
                0x00000918       0x20 ../ddr_layout_V5_bsp/\libhal_bsp.a(alt_get_fd.o)
 .debug_aranges
                0x00000938       0x20 d:/altera/13.0/nios2eds/bin/gnu/h-i686-mingw32/bin/../lib/gcc/nios2-elf/4.1.2/../../../../nios2-elf/lib/mno-hw-mul\libc.a(lib_a-atexit.o)
 .debug_aranges
                0x00000958       0x20 d:/altera/13.0/nios2eds/bin/gnu/h-i686-mingw32/bin/../lib/gcc/nios2-elf/4.1.2/../../../../nios2-elf/lib/mno-hw-mul\libc.a(lib_a-exit.o)
 .debug_aranges
                0x00000978       0x20 d:/altera/13.0/nios2eds/bin/gnu/h-i686-mingw32/bin/../lib/gcc/nios2-elf/4.1.2/../../../../nios2-elf/lib/mno-hw-mul\libc.a(lib_a-memcmp.o)
 .debug_aranges
                0x00000998       0x20 d:/altera/13.0/nios2eds/bin/gnu/h-i686-mingw32/bin/../lib/gcc/nios2-elf/4.1.2/../../../../nios2-elf/lib/mno-hw-mul\libc.a(lib_a-__atexit.o)
 .debug_aranges
                0x000009b8       0x20 d:/altera/13.0/nios2eds/bin/gnu/h-i686-mingw32/bin/../lib/gcc/nios2-elf/4.1.2/../../../../nios2-elf/lib/mno-hw-mul\libc.a(lib_a-__call_atexit.o)
 .debug_aranges
                0x000009d8       0x20 ../ddr_layout_V5_bsp/\libhal_bsp.a(alt_exit.o)

.debug_pubnames
                0x00000000     0x10b4
 *(.debug_pubnames)
 .debug_pubnames
                0x00000000       0x1b obj/default/hello_world.o
 .debug_pubnames
                0x0000001b       0x27 d:/altera/13.0/nios2eds/bin/gnu/h-i686-mingw32/bin/../lib/gcc/nios2-elf/4.1.2/../../../../nios2-elf/lib/mno-hw-mul\libc.a(lib_a-puts.o)
 .debug_pubnames
                0x00000042       0x1d d:/altera/13.0/nios2eds/bin/gnu/h-i686-mingw32/bin/../lib/gcc/nios2-elf/4.1.2/../../../../nios2-elf/lib/mno-hw-mul\libc.a(lib_a-strlen.o)
 .debug_pubnames
                0x0000005f       0x23 d:/altera/13.0/nios2eds/bin/gnu/h-i686-mingw32/bin/../lib/gcc/nios2-elf/4.1.2/../../../../nios2-elf/lib/mno-hw-mul\libc.a(lib_a-fvwrite.o)
 .debug_pubnames
                0x00000082       0x39 d:/altera/13.0/nios2eds/bin/gnu/h-i686-mingw32/bin/../lib/gcc/nios2-elf/4.1.2/../../../../nios2-elf/lib/mno-hw-mul\libc.a(lib_a-impure.o)
 .debug_pubnames
                0x000000bb       0xce d:/altera/13.0/nios2eds/bin/gnu/h-i686-mingw32/bin/../lib/gcc/nios2-elf/4.1.2/../../../../nios2-elf/lib/mno-hw-mul\libc.a(lib_a-mallocr.o)
 .debug_pubnames
                0x00000189       0x1d d:/altera/13.0/nios2eds/bin/gnu/h-i686-mingw32/bin/../lib/gcc/nios2-elf/4.1.2/../../../../nios2-elf/lib/mno-hw-mul\libc.a(lib_a-memchr.o)
 .debug_pubnames
                0x000001a6       0x1d d:/altera/13.0/nios2eds/bin/gnu/h-i686-mingw32/bin/../lib/gcc/nios2-elf/4.1.2/../../../../nios2-elf/lib/mno-hw-mul\libc.a(lib_a-memcpy.o)
 .debug_pubnames
                0x000001c3       0x1e d:/altera/13.0/nios2eds/bin/gnu/h-i686-mingw32/bin/../lib/gcc/nios2-elf/4.1.2/../../../../nios2-elf/lib/mno-hw-mul\libc.a(lib_a-memmove.o)
 .debug_pubnames
                0x000001e1       0x21 d:/altera/13.0/nios2eds/bin/gnu/h-i686-mingw32/bin/../lib/gcc/nios2-elf/4.1.2/../../../../nios2-elf/lib/mno-hw-mul\libc.a(lib_a-reallocr.o)
 .debug_pubnames
                0x00000202       0x1e d:/altera/13.0/nios2eds/bin/gnu/h-i686-mingw32/bin/../lib/gcc/nios2-elf/4.1.2/../../../../nios2-elf/lib/mno-hw-mul\libc.a(lib_a-sbrkr.o)
 .debug_pubnames
                0x00000220       0x22 d:/altera/13.0/nios2eds/bin/gnu/h-i686-mingw32/bin/../lib/gcc/nios2-elf/4.1.2/../../../../nios2-elf/lib/mno-hw-mul\libc.a(lib_a-wsetup.o)
 .debug_pubnames
                0x00000242       0x2b d:/altera/13.0/nios2eds/bin/gnu/h-i686-mingw32/bin/../lib/gcc/nios2-elf/4.1.2/../../../../nios2-elf/lib/mno-hw-mul\libc.a(lib_a-fflush.o)
 .debug_pubnames
                0x0000026d       0xdb d:/altera/13.0/nios2eds/bin/gnu/h-i686-mingw32/bin/../lib/gcc/nios2-elf/4.1.2/../../../../nios2-elf/lib/mno-hw-mul\libc.a(lib_a-findfp.o)
 .debug_pubnames
                0x00000348       0x31 d:/altera/13.0/nios2eds/bin/gnu/h-i686-mingw32/bin/../lib/gcc/nios2-elf/4.1.2/../../../../nios2-elf/lib/mno-hw-mul\libc.a(lib_a-freer.o)
 .debug_pubnames
                0x00000379       0x2e d:/altera/13.0/nios2eds/bin/gnu/h-i686-mingw32/bin/../lib/gcc/nios2-elf/4.1.2/../../../../nios2-elf/lib/mno-hw-mul\libc.a(lib_a-fwalk.o)
 .debug_pubnames
                0x000003a7       0x1c d:/altera/13.0/nios2eds/bin/gnu/h-i686-mingw32/bin/../lib/gcc/nios2-elf/4.1.2/../../../../nios2-elf/lib/mno-hw-mul\libc.a(lib_a-int_errno.o)
 .debug_pubnames
                0x000003c3       0x23 d:/altera/13.0/nios2eds/bin/gnu/h-i686-mingw32/bin/../lib/gcc/nios2-elf/4.1.2/../../../../nios2-elf/lib/mno-hw-mul\libc.a(lib_a-makebuf.o)
 .debug_pubnames
                0x000003e6       0x1d d:/altera/13.0/nios2eds/bin/gnu/h-i686-mingw32/bin/../lib/gcc/nios2-elf/4.1.2/../../../../nios2-elf/lib/mno-hw-mul\libc.a(lib_a-memset.o)
 .debug_pubnames
                0x00000403       0x44 d:/altera/13.0/nios2eds/bin/gnu/h-i686-mingw32/bin/../lib/gcc/nios2-elf/4.1.2/../../../../nios2-elf/lib/mno-hw-mul\libc.a(lib_a-stdio.o)
 .debug_pubnames
                0x00000447       0x1f d:/altera/13.0/nios2eds/bin/gnu/h-i686-mingw32/bin/../lib/gcc/nios2-elf/4.1.2/../../../../nios2-elf/lib/mno-hw-mul\libc.a(lib_a-writer.o)
 .debug_pubnames
                0x00000466       0x1f d:/altera/13.0/nios2eds/bin/gnu/h-i686-mingw32/bin/../lib/gcc/nios2-elf/4.1.2/../../../../nios2-elf/lib/mno-hw-mul\libc.a(lib_a-closer.o)
 .debug_pubnames
                0x00000485       0x2b d:/altera/13.0/nios2eds/bin/gnu/h-i686-mingw32/bin/../lib/gcc/nios2-elf/4.1.2/../../../../nios2-elf/lib/mno-hw-mul\libc.a(lib_a-fclose.o)
 .debug_pubnames
                0x000004b0       0x1f d:/altera/13.0/nios2eds/bin/gnu/h-i686-mingw32/bin/../lib/gcc/nios2-elf/4.1.2/../../../../nios2-elf/lib/mno-hw-mul\libc.a(lib_a-fstatr.o)
 .debug_pubnames
                0x000004cf       0x20 d:/altera/13.0/nios2eds/bin/gnu/h-i686-mingw32/bin/../lib/gcc/nios2-elf/4.1.2/../../../../nios2-elf/lib/mno-hw-mul\libc.a(lib_a-isattyr.o)
 .debug_pubnames
                0x000004ef       0x1f d:/altera/13.0/nios2eds/bin/gnu/h-i686-mingw32/bin/../lib/gcc/nios2-elf/4.1.2/../../../../nios2-elf/lib/mno-hw-mul\libc.a(lib_a-lseekr.o)
 .debug_pubnames
                0x0000050e       0x1e d:/altera/13.0/nios2eds/bin/gnu/h-i686-mingw32/bin/../lib/gcc/nios2-elf/4.1.2/../../../../nios2-elf/lib/mno-hw-mul\libc.a(lib_a-readr.o)
 .debug_pubnames
                0x0000052c       0x1f d:/altera/13.0/nios2eds/bin/gnu/h-i686-mingw32/bin/../lib/gcc/nios2-elf/4.1.2/mno-hw-mul\libgcc.a(lib2-mul.o)
 .debug_pubnames
                0x0000054b       0x1c ../ddr_layout_V5_bsp/\libhal_bsp.a(alt_close.o)
 .debug_pubnames
                0x00000567       0x63 ../ddr_layout_V5_bsp/\libhal_bsp.a(alt_dev.o)
 .debug_pubnames
                0x000005ca       0x20 ../ddr_layout_V5_bsp/\libhal_bsp.a(alt_errno.o)
 .debug_pubnames
                0x000005ea       0x1c ../ddr_layout_V5_bsp/\libhal_bsp.a(alt_fstat.o)
 .debug_pubnames
                0x00000606       0x1d ../ddr_layout_V5_bsp/\libhal_bsp.a(alt_isatty.o)
 .debug_pubnames
                0x00000623       0x1f ../ddr_layout_V5_bsp/\libhal_bsp.a(alt_load.o)
 .debug_pubnames
                0x00000642       0x1c ../ddr_layout_V5_bsp/\libhal_bsp.a(alt_lseek.o)
 .debug_pubnames
                0x0000065e       0x46 ../ddr_layout_V5_bsp/\libhal_bsp.a(alt_main.o)
 .debug_pubnames
                0x000006a4       0x38 ../ddr_layout_V5_bsp/\libhal_bsp.a(alt_malloc_lock.o)
 .debug_pubnames
                0x000006dc       0x1b ../ddr_layout_V5_bsp/\libhal_bsp.a(alt_read.o)
 .debug_pubnames
                0x000006f7       0x25 ../ddr_layout_V5_bsp/\libhal_bsp.a(alt_release_fd.o)
 .debug_pubnames
                0x0000071c       0x1b ../ddr_layout_V5_bsp/\libhal_bsp.a(alt_sbrk.o)
 .debug_pubnames
                0x00000737       0x1c ../ddr_layout_V5_bsp/\libhal_bsp.a(alt_write.o)
 .debug_pubnames
                0x00000753       0x34 ../ddr_layout_V5_bsp/\libhal_bsp.a(alt_sys_init.o)
 .debug_pubnames
                0x00000787       0xb5 ../ddr_layout_V5_bsp/\libhal_bsp.a(altera_avalon_epcs_flash_controller.o)
 .debug_pubnames
                0x0000083c       0xa5 ../ddr_layout_V5_bsp/\libhal_bsp.a(altera_avalon_jtag_uart_fd.o)
 .debug_pubnames
                0x000008e1       0x55 ../ddr_layout_V5_bsp/\libhal_bsp.a(altera_avalon_jtag_uart_init.o)
 .debug_pubnames
                0x00000936       0x34 ../ddr_layout_V5_bsp/\libhal_bsp.a(altera_avalon_jtag_uart_ioctl.o)
 .debug_pubnames
                0x0000096a       0x33 ../ddr_layout_V5_bsp/\libhal_bsp.a(altera_avalon_jtag_uart_read.o)
 .debug_pubnames
                0x0000099d       0x34 ../ddr_layout_V5_bsp/\libhal_bsp.a(altera_avalon_jtag_uart_write.o)
 .debug_pubnames
                0x000009d1       0x2f ../ddr_layout_V5_bsp/\libhal_bsp.a(altera_avalon_timer_sc.o)
 .debug_pubnames
                0x00000a00       0x71 ../ddr_layout_V5_bsp/\libhal_bsp.a(altera_avalon_uart_fd.o)
 .debug_pubnames
                0x00000a71       0x4b ../ddr_layout_V5_bsp/\libhal_bsp.a(altera_avalon_uart_init.o)
 .debug_pubnames
                0x00000abc       0x2e ../ddr_layout_V5_bsp/\libhal_bsp.a(altera_avalon_uart_read.o)
 .debug_pubnames
                0x00000aea       0x2f ../ddr_layout_V5_bsp/\libhal_bsp.a(altera_avalon_uart_write.o)
 .debug_pubnames
                0x00000b19      0x118 ../ddr_layout_V5_bsp/\libhal_bsp.a(epcs_commands.o)
 .debug_pubnames
                0x00000c31       0x26 ../ddr_layout_V5_bsp/\libhal_bsp.a(alt_alarm_start.o)
 .debug_pubnames
                0x00000c57       0x2b ../ddr_layout_V5_bsp/\libhal_bsp.a(alt_dcache_flush_all.o)
 .debug_pubnames
                0x00000c82       0x2b ../ddr_layout_V5_bsp/\libhal_bsp.a(alt_dev_llist_insert.o)
 .debug_pubnames
                0x00000cad       0x20 ../ddr_layout_V5_bsp/\libhal_bsp.a(alt_do_ctors.o)
 .debug_pubnames
                0x00000ccd       0x20 ../ddr_layout_V5_bsp/\libhal_bsp.a(alt_do_dtors.o)
 .debug_pubnames
                0x00000ced       0x58 ../ddr_layout_V5_bsp/\libhal_bsp.a(alt_flash_dev.o)
 .debug_pubnames
                0x00000d45       0x2b ../ddr_layout_V5_bsp/\libhal_bsp.a(alt_icache_flush_all.o)
 .debug_pubnames
                0x00000d70       0x6e ../ddr_layout_V5_bsp/\libhal_bsp.a(alt_iic.o)
 .debug_pubnames
                0x00000dde       0x2b ../ddr_layout_V5_bsp/\libhal_bsp.a(alt_iic_isr_register.o)
 .debug_pubnames
                0x00000e09       0x26 ../ddr_layout_V5_bsp/\libhal_bsp.a(alt_io_redirect.o)
 .debug_pubnames
                0x00000e2f       0x32 ../ddr_layout_V5_bsp/\libhal_bsp.a(alt_irq_handler.o)
 .debug_pubnames
                0x00000e61       0x3b ../ddr_layout_V5_bsp/\libhal_bsp.a(alt_irq_vars.o)
 .debug_pubnames
                0x00000e9c       0x1b ../ddr_layout_V5_bsp/\libhal_bsp.a(alt_open.o)
 .debug_pubnames
                0x00000eb7       0x68 ../ddr_layout_V5_bsp/\libhal_bsp.a(alt_tick.o)
 .debug_pubnames
                0x00000f1f       0x31 ../ddr_layout_V5_bsp/\libhal_bsp.a(altera_nios2_qsys_irq.o)
 .debug_pubnames
                0x00000f50       0x2d ../ddr_layout_V5_bsp/\libhal_bsp.a(altera_avalon_spi.o)
 .debug_pubnames
                0x00000f7d       0x23 ../ddr_layout_V5_bsp/\libhal_bsp.a(alt_find_dev.o)
 .debug_pubnames
                0x00000fa0       0x24 ../ddr_layout_V5_bsp/\libhal_bsp.a(alt_find_file.o)
 .debug_pubnames
                0x00000fc4       0x21 ../ddr_layout_V5_bsp/\libhal_bsp.a(alt_get_fd.o)
 .debug_pubnames
                0x00000fe5       0x2a d:/altera/13.0/nios2eds/bin/gnu/h-i686-mingw32/bin/../lib/gcc/nios2-elf/4.1.2/../../../../nios2-elf/lib/mno-hw-mul\libc.a(lib_a-atexit.o)
 .debug_pubnames
                0x0000100f       0x1b d:/altera/13.0/nios2eds/bin/gnu/h-i686-mingw32/bin/../lib/gcc/nios2-elf/4.1.2/../../../../nios2-elf/lib/mno-hw-mul\libc.a(lib_a-exit.o)
 .debug_pubnames
                0x0000102a       0x1d d:/altera/13.0/nios2eds/bin/gnu/h-i686-mingw32/bin/../lib/gcc/nios2-elf/4.1.2/../../../../nios2-elf/lib/mno-hw-mul\libc.a(lib_a-memcmp.o)
 .debug_pubnames
                0x00001047       0x2a d:/altera/13.0/nios2eds/bin/gnu/h-i686-mingw32/bin/../lib/gcc/nios2-elf/4.1.2/../../../../nios2-elf/lib/mno-hw-mul\libc.a(lib_a-__atexit.o)
 .debug_pubnames
                0x00001071       0x27 d:/altera/13.0/nios2eds/bin/gnu/h-i686-mingw32/bin/../lib/gcc/nios2-elf/4.1.2/../../../../nios2-elf/lib/mno-hw-mul\libc.a(lib_a-__call_atexit.o)
 .debug_pubnames
                0x00001098       0x1c ../ddr_layout_V5_bsp/\libhal_bsp.a(alt_exit.o)

.debug_info     0x00000000    0x1c9a8
 *(.debug_info .gnu.linkonce.wi.*)
 .debug_info    0x00000000       0x6c ../ddr_layout_V5_bsp//obj/HAL/src/crt0.o
 .debug_info    0x0000006c      0x128 obj/default/hello_world.o
 .debug_info    0x00000194      0xa25 d:/altera/13.0/nios2eds/bin/gnu/h-i686-mingw32/bin/../lib/gcc/nios2-elf/4.1.2/../../../../nios2-elf/lib/mno-hw-mul\libc.a(lib_a-puts.o)
 .debug_info    0x00000bb9       0xdb d:/altera/13.0/nios2eds/bin/gnu/h-i686-mingw32/bin/../lib/gcc/nios2-elf/4.1.2/../../../../nios2-elf/lib/mno-hw-mul\libc.a(lib_a-strlen.o)
 .debug_info    0x00000c94      0xa88 d:/altera/13.0/nios2eds/bin/gnu/h-i686-mingw32/bin/../lib/gcc/nios2-elf/4.1.2/../../../../nios2-elf/lib/mno-hw-mul\libc.a(lib_a-fvwrite.o)
 .debug_info    0x0000171c      0x93d d:/altera/13.0/nios2eds/bin/gnu/h-i686-mingw32/bin/../lib/gcc/nios2-elf/4.1.2/../../../../nios2-elf/lib/mno-hw-mul\libc.a(lib_a-impure.o)
 .debug_info    0x00002059      0xcd0 d:/altera/13.0/nios2eds/bin/gnu/h-i686-mingw32/bin/../lib/gcc/nios2-elf/4.1.2/../../../../nios2-elf/lib/mno-hw-mul\libc.a(lib_a-mallocr.o)
 .debug_info    0x00002d29      0x138 d:/altera/13.0/nios2eds/bin/gnu/h-i686-mingw32/bin/../lib/gcc/nios2-elf/4.1.2/../../../../nios2-elf/lib/mno-hw-mul\libc.a(lib_a-memchr.o)
 .debug_info    0x00002e61      0x106 d:/altera/13.0/nios2eds/bin/gnu/h-i686-mingw32/bin/../lib/gcc/nios2-elf/4.1.2/../../../../nios2-elf/lib/mno-hw-mul\libc.a(lib_a-memcpy.o)
 .debug_info    0x00002f67      0x13e d:/altera/13.0/nios2eds/bin/gnu/h-i686-mingw32/bin/../lib/gcc/nios2-elf/4.1.2/../../../../nios2-elf/lib/mno-hw-mul\libc.a(lib_a-memmove.o)
 .debug_info    0x000030a5      0xbd7 d:/altera/13.0/nios2eds/bin/gnu/h-i686-mingw32/bin/../lib/gcc/nios2-elf/4.1.2/../../../../nios2-elf/lib/mno-hw-mul\libc.a(lib_a-reallocr.o)
 .debug_info    0x00003c7c      0x962 d:/altera/13.0/nios2eds/bin/gnu/h-i686-mingw32/bin/../lib/gcc/nios2-elf/4.1.2/../../../../nios2-elf/lib/mno-hw-mul\libc.a(lib_a-sbrkr.o)
 .debug_info    0x000045de      0x95d d:/altera/13.0/nios2eds/bin/gnu/h-i686-mingw32/bin/../lib/gcc/nios2-elf/4.1.2/../../../../nios2-elf/lib/mno-hw-mul\libc.a(lib_a-wsetup.o)
 .debug_info    0x00004f3b      0x9fe d:/altera/13.0/nios2eds/bin/gnu/h-i686-mingw32/bin/../lib/gcc/nios2-elf/4.1.2/../../../../nios2-elf/lib/mno-hw-mul\libc.a(lib_a-fflush.o)
 .debug_info    0x00005939      0xb72 d:/altera/13.0/nios2eds/bin/gnu/h-i686-mingw32/bin/../lib/gcc/nios2-elf/4.1.2/../../../../nios2-elf/lib/mno-hw-mul\libc.a(lib_a-findfp.o)
 .debug_info    0x000064ab      0xbc9 d:/altera/13.0/nios2eds/bin/gnu/h-i686-mingw32/bin/../lib/gcc/nios2-elf/4.1.2/../../../../nios2-elf/lib/mno-hw-mul\libc.a(lib_a-freer.o)
 .debug_info    0x00007074      0xaed d:/altera/13.0/nios2eds/bin/gnu/h-i686-mingw32/bin/../lib/gcc/nios2-elf/4.1.2/../../../../nios2-elf/lib/mno-hw-mul\libc.a(lib_a-fwalk.o)
 .debug_info    0x00007b61       0x8c d:/altera/13.0/nios2eds/bin/gnu/h-i686-mingw32/bin/../lib/gcc/nios2-elf/4.1.2/../../../../nios2-elf/lib/mno-hw-mul\libc.a(lib_a-int_errno.o)
 .debug_info    0x00007bed      0xb1a d:/altera/13.0/nios2eds/bin/gnu/h-i686-mingw32/bin/../lib/gcc/nios2-elf/4.1.2/../../../../nios2-elf/lib/mno-hw-mul\libc.a(lib_a-makebuf.o)
 .debug_info    0x00008707      0x113 d:/altera/13.0/nios2eds/bin/gnu/h-i686-mingw32/bin/../lib/gcc/nios2-elf/4.1.2/../../../../nios2-elf/lib/mno-hw-mul\libc.a(lib_a-memset.o)
 .debug_info    0x0000881a      0xaac d:/altera/13.0/nios2eds/bin/gnu/h-i686-mingw32/bin/../lib/gcc/nios2-elf/4.1.2/../../../../nios2-elf/lib/mno-hw-mul\libc.a(lib_a-stdio.o)
 .debug_info    0x000092c6      0x993 d:/altera/13.0/nios2eds/bin/gnu/h-i686-mingw32/bin/../lib/gcc/nios2-elf/4.1.2/../../../../nios2-elf/lib/mno-hw-mul\libc.a(lib_a-writer.o)
 .debug_info    0x00009c59      0x958 d:/altera/13.0/nios2eds/bin/gnu/h-i686-mingw32/bin/../lib/gcc/nios2-elf/4.1.2/../../../../nios2-elf/lib/mno-hw-mul\libc.a(lib_a-closer.o)
 .debug_info    0x0000a5b1      0x994 d:/altera/13.0/nios2eds/bin/gnu/h-i686-mingw32/bin/../lib/gcc/nios2-elf/4.1.2/../../../../nios2-elf/lib/mno-hw-mul\libc.a(lib_a-fclose.o)
 .debug_info    0x0000af45      0xafc d:/altera/13.0/nios2eds/bin/gnu/h-i686-mingw32/bin/../lib/gcc/nios2-elf/4.1.2/../../../../nios2-elf/lib/mno-hw-mul\libc.a(lib_a-fstatr.o)
 .debug_info    0x0000ba41      0x958 d:/altera/13.0/nios2eds/bin/gnu/h-i686-mingw32/bin/../lib/gcc/nios2-elf/4.1.2/../../../../nios2-elf/lib/mno-hw-mul\libc.a(lib_a-isattyr.o)
 .debug_info    0x0000c399      0x981 d:/altera/13.0/nios2eds/bin/gnu/h-i686-mingw32/bin/../lib/gcc/nios2-elf/4.1.2/../../../../nios2-elf/lib/mno-hw-mul\libc.a(lib_a-lseekr.o)
 .debug_info    0x0000cd1a      0x98c d:/altera/13.0/nios2eds/bin/gnu/h-i686-mingw32/bin/../lib/gcc/nios2-elf/4.1.2/../../../../nios2-elf/lib/mno-hw-mul\libc.a(lib_a-readr.o)
 .debug_info    0x0000d6a6       0xf3 d:/altera/13.0/nios2eds/bin/gnu/h-i686-mingw32/bin/../lib/gcc/nios2-elf/4.1.2/mno-hw-mul\libgcc.a(lib2-mul.o)
 .debug_info    0x0000d799      0x458 ../ddr_layout_V5_bsp/\libhal_bsp.a(alt_close.o)
 .debug_info    0x0000dbf1      0x670 ../ddr_layout_V5_bsp/\libhal_bsp.a(alt_dev.o)
 .debug_info    0x0000e261      0x155 ../ddr_layout_V5_bsp/\libhal_bsp.a(alt_errno.o)
 .debug_info    0x0000e3b6      0x651 ../ddr_layout_V5_bsp/\libhal_bsp.a(alt_fstat.o)
 .debug_info    0x0000ea07      0x657 ../ddr_layout_V5_bsp/\libhal_bsp.a(alt_isatty.o)
 .debug_info    0x0000f05e      0x27e ../ddr_layout_V5_bsp/\libhal_bsp.a(alt_load.o)
 .debug_info    0x0000f2dc      0x48b ../ddr_layout_V5_bsp/\libhal_bsp.a(alt_lseek.o)
 .debug_info    0x0000f767      0x216 ../ddr_layout_V5_bsp/\libhal_bsp.a(alt_main.o)
 .debug_info    0x0000f97d      0xc09 ../ddr_layout_V5_bsp/\libhal_bsp.a(alt_malloc_lock.o)
 .debug_info    0x00010586      0x67b ../ddr_layout_V5_bsp/\libhal_bsp.a(alt_read.o)
 .debug_info    0x00010c01      0x3e3 ../ddr_layout_V5_bsp/\libhal_bsp.a(alt_release_fd.o)
 .debug_info    0x00010fe4      0x2a8 ../ddr_layout_V5_bsp/\libhal_bsp.a(alt_sbrk.o)
 .debug_info    0x0001128c      0x684 ../ddr_layout_V5_bsp/\libhal_bsp.a(alt_write.o)
 .debug_info    0x00011910      0xc86 ../ddr_layout_V5_bsp/\libhal_bsp.a(alt_sys_init.o)
 .debug_info    0x00012596      0xb9a ../ddr_layout_V5_bsp/\libhal_bsp.a(altera_avalon_epcs_flash_controller.o)
 .debug_info    0x00013130      0x7ca ../ddr_layout_V5_bsp/\libhal_bsp.a(altera_avalon_jtag_uart_fd.o)
 .debug_info    0x000138fa      0x5f2 ../ddr_layout_V5_bsp/\libhal_bsp.a(altera_avalon_jtag_uart_init.o)
 .debug_info    0x00013eec      0x434 ../ddr_layout_V5_bsp/\libhal_bsp.a(altera_avalon_jtag_uart_ioctl.o)
 .debug_info    0x00014320      0x537 ../ddr_layout_V5_bsp/\libhal_bsp.a(altera_avalon_jtag_uart_read.o)
 .debug_info    0x00014857      0x52f ../ddr_layout_V5_bsp/\libhal_bsp.a(altera_avalon_jtag_uart_write.o)
 .debug_info    0x00014d86      0x37c ../ddr_layout_V5_bsp/\libhal_bsp.a(altera_avalon_timer_sc.o)
 .debug_info    0x00015102      0x62d ../ddr_layout_V5_bsp/\libhal_bsp.a(altera_avalon_uart_fd.o)
 .debug_info    0x0001572f      0x4ff ../ddr_layout_V5_bsp/\libhal_bsp.a(altera_avalon_uart_init.o)
 .debug_info    0x00015c2e      0x4b3 ../ddr_layout_V5_bsp/\libhal_bsp.a(altera_avalon_uart_read.o)
 .debug_info    0x000160e1      0x4b1 ../ddr_layout_V5_bsp/\libhal_bsp.a(altera_avalon_uart_write.o)
 .debug_info    0x00016592      0x62d ../ddr_layout_V5_bsp/\libhal_bsp.a(epcs_commands.o)
 .debug_info    0x00016bbf      0x433 ../ddr_layout_V5_bsp/\libhal_bsp.a(alt_alarm_start.o)
 .debug_info    0x00016ff2      0x14d ../ddr_layout_V5_bsp/\libhal_bsp.a(alt_dcache_flush_all.o)
 .debug_info    0x0001713f      0x2a8 ../ddr_layout_V5_bsp/\libhal_bsp.a(alt_dev_llist_insert.o)
 .debug_info    0x000173e7      0x100 ../ddr_layout_V5_bsp/\libhal_bsp.a(alt_do_ctors.o)
 .debug_info    0x000174e7       0xff ../ddr_layout_V5_bsp/\libhal_bsp.a(alt_do_dtors.o)
 .debug_info    0x000175e6      0x58a ../ddr_layout_V5_bsp/\libhal_bsp.a(alt_flash_dev.o)
 .debug_info    0x00017b70      0x14d ../ddr_layout_V5_bsp/\libhal_bsp.a(alt_icache_flush_all.o)
 .debug_info    0x00017cbd      0x484 ../ddr_layout_V5_bsp/\libhal_bsp.a(alt_iic.o)
 .debug_info    0x00018141      0x305 ../ddr_layout_V5_bsp/\libhal_bsp.a(alt_iic_isr_register.o)
 .debug_info    0x00018446      0x686 ../ddr_layout_V5_bsp/\libhal_bsp.a(alt_io_redirect.o)
 .debug_info    0x00018acc       0x75 ../ddr_layout_V5_bsp/\libhal_bsp.a(alt_irq_entry.o)
 .debug_info    0x00018b41      0x266 ../ddr_layout_V5_bsp/\libhal_bsp.a(alt_irq_handler.o)
 .debug_info    0x00018da7      0x158 ../ddr_layout_V5_bsp/\libhal_bsp.a(alt_irq_vars.o)
 .debug_info    0x00018eff      0x516 ../ddr_layout_V5_bsp/\libhal_bsp.a(alt_open.o)